\BOOKMARK [1][-]{section*.5}{\376\377\122\115\212\000\000\040\000P\000r\000o\000l\000o\000g\000u\000e}{}% 1
\BOOKMARK [-1][-]{part.1}{\376\377\000I\000\040\150\110\117\213\122\006\147\220}{}% 2
\BOOKMARK [0][-]{chapter.1}{\376\377\131\202\117\125\145\071\125\204}{part.1}% 3
\BOOKMARK [1][-]{section*.6}{\376\377\145\117\143\167\137\000\123\321\217\307\172\013\145\071\217\333\150\110\117\213}{chapter.1}% 4
\BOOKMARK [2][-]{section*.12}{\376\377\131\202\117\125\145\071\125\204}{section*.6}% 5
\BOOKMARK [2][-]{section*.13}{\376\377\116\060\165\060\145\105\116\213}{section*.6}% 6
\BOOKMARK [2][-]{section*.14}{\376\377\154\064\227\142\116\013\166\204\173\241\164\006\140\035\215\357}{section*.6}% 7
\BOOKMARK [2][-]{section*.23}{\376\377\145\071\125\204\215\050\221\317}{section*.6}% 8
\BOOKMARK [2][-]{section*.24}{\376\377\176\323\147\137\213\355}{section*.6}% 9
\BOOKMARK [1][-]{section*.25}{\376\377\226\104\116\366}{chapter.1}% 10
\BOOKMARK [2][-]{section*.26}{\376\377\163\260\116\343\154\175\217\146\165\037\116\247}{section*.25}% 11
\BOOKMARK [2][-]{section*.27}{\376\377\000X\000P}{section*.25}% 12
\BOOKMARK [2][-]{section*.43}{\376\377\000`\000`\000\040\0005\000\040\000W\000h\000y\000\040\000'\000'\133\236\117\213}{section*.25}% 13
\BOOKMARK [2][-]{section*.44}{\376\377\0005\000S\154\325}{section*.25}% 14
\BOOKMARK [1][-]{section*.45}{\376\377\123\302\200\003\000\040\000R\000e\000f\000e\000r\000e\000n\000c\000e\000s}{chapter.1}% 15
\BOOKMARK [-1][-]{part.2}{\376\377\000I\000I\000\040\126\342\226\037\116\016\201\352\142\021\145\071\125\204\127\372\147\054\122\237}{}% 16
\BOOKMARK [0][-]{chapter.2}{\376\377\145\071\217\333\116\316\126\342\226\037\137\000\131\313}{part.2}% 17
\BOOKMARK [1][-]{section*.46}{\376\377\177\216\126\375\215\071\127\316\000\040\000W\000e\000i\000s\000b\000o\000r\000d\000\040\145\105\116\213}{chapter.2}% 18
\BOOKMARK [2][-]{section*.49}{\376\377\124\057\123\321}{section*.46}% 19
\BOOKMARK [2][-]{section*.52}{\376\377\170\064\121\260\000\040\000-\000\040\123\330\227\151\000\040\000-\000\040\172\063\133\232}{section*.46}% 20
\BOOKMARK [2][-]{section*.53}{\376\377\176\323\147\137\213\355}{section*.46}% 21
\BOOKMARK [1][-]{section*.54}{\376\377\226\104\116\366}{chapter.2}% 22
\BOOKMARK [2][-]{section*.55}{\376\377\174\256\230\337\122\006\221\115\133\236\232\214}{section*.54}% 23
\BOOKMARK [2][-]{section*.56}{\376\377\0004\116\052\142\020\122\237\211\201\175\040}{section*.54}% 24
\BOOKMARK [1][-]{section*.60}{\376\377\123\302\200\003\000\040\000R\000e\000f\000e\000r\000e\000n\000c\000e\000s}{chapter.2}% 25
\BOOKMARK [0][-]{chapter.3}{\376\377\121\113\147\015\142\326\136\366\165\307}{part.2}% 26
\BOOKMARK [1][-]{section*.71}{\376\377\176\323\147\137\213\355}{chapter.3}% 27
\BOOKMARK [1][-]{section*.72}{\376\377\226\104\116\366}{chapter.3}% 28
\BOOKMARK [2][-]{section*.73}{\376\377\225\073\160\274\116\113\220\123\000\040\000T\000h\000e\000\040\000T\000r\000u\000t\000h\000\040\000a\000b\000o\000u\000t\000\040\000E\000X\000E\000R\000C\000I\000S\000E}{section*.72}% 29
\BOOKMARK [1][-]{section*.74}{\376\377\123\302\200\003\000\040\000R\000e\000f\000e\000r\000e\000n\000c\000e\000s}{chapter.3}% 30
\BOOKMARK [-1][-]{part.3}{\376\377\000I\000I\000I\000\040\201\352\142\021\173\241\164\006\137\000\123\321\217\307\172\013}{}% 31
\BOOKMARK [0][-]{chapter.4}{\376\377\221\317\123\026\173\241\164\006\116\316\116\052\116\272\137\000\131\313}{part.3}% 32
\BOOKMARK [1][-]{section*.75}{\376\377\131\202\117\125\226\115\117\116\230\171\166\356\217\333\136\246\120\117\135\356}{chapter.4}% 33
\BOOKMARK [2][-]{section*.76}{\376\377\116\316\221\317\123\026\127\371\213\255\137\000\131\313}{section*.75}% 34
\BOOKMARK [2][-]{section*.77}{\376\377\116\316\117\060\173\227\060\001\173\126\122\022\122\060\166\321\143\247}{section*.75}% 35
\BOOKMARK [2][-]{section*.78}{\376\377\136\224\131\202\117\125\145\071\125\204}{section*.75}% 36
\BOOKMARK [1][-]{section*.79}{\376\377\226\104\116\366}{chapter.4}% 37
\BOOKMARK [2][-]{section*.80}{\376\377\143\043\120\074\122\006\147\220\154\325\377\010\000E\000a\000r\000n\000e\000d\000\040\000V\000a\000l\000u\000e\377\011}{section*.79}% 38
\BOOKMARK [2][-]{section*.81}{\376\377\131\202\117\125\173\200\123\125\213\260\137\125\135\345\145\366}{section*.79}% 39
\BOOKMARK [2][-]{section*.82}{\376\377\116\052\117\123\217\157\116\366\217\307\172\013\000\040\000P\000e\000r\000s\000o\000n\000a\000l\000\040\000S\000o\000f\000t\000w\000a\000r\000e\000\040\000P\000r\000o\000c\000e\000s\000s\377\010\000P\000S\000P\377\011\000\040\173\200\116\313}{section*.79}% 40
\BOOKMARK [2][-]{section*.88}{\376\377\117\177\165\050\143\043\120\074\122\006\147\220\166\321\143\247\150\110\117\213}{section*.79}% 41
\BOOKMARK [1][-]{section*.90}{\376\377\123\302\200\003\000R\000e\000f\000e\000r\000e\000n\000c\000e\000s}{chapter.4}% 42
\BOOKMARK [0][-]{chapter.5}{\376\377\117\060\173\227\217\157\116\366\211\304\152\041}{part.3}% 43
\BOOKMARK [1][-]{section*.91}{\376\377\116\072\116\300\116\110\211\201\117\060\211\304\152\041}{chapter.5}% 44
\BOOKMARK [2][-]{section*.92}{\376\377\116\072\116\300\116\110\116\015\136\224\165\050\116\343\170\001\210\114\145\160\000\050\000L\000O\000C\000\051}{section*.91}% 45
\BOOKMARK [2][-]{section*.95}{\376\377\140\016\150\067\117\060\173\227\173\200\123\026\122\237\200\375\160\271\000S\000i\000F\000P}{section*.91}% 46
\BOOKMARK [2][-]{section*.96}{\376\377\116\316\145\105\116\213\160\271\217\154\173\200\123\026\122\237\200\375\160\271}{section*.91}% 47
\BOOKMARK [1][-]{section*.98}{\376\377\226\104\116\366}{chapter.5}% 48
\BOOKMARK [2][-]{section*.99}{\376\377\173\200\123\026\122\237\200\375\160\271\000\050\000S\000i\000F\000P\000\051\000\040\173\200\116\313}{section*.98}% 49
\BOOKMARK [2][-]{section*.106}{\376\377\220\073\217\221\145\207\116\366\000\040\000L\000o\000g\000i\000c\000a\000l\000\040\000F\000i\000l\000e}{section*.98}% 50
\BOOKMARK [2][-]{section*.108}{\376\377\127\372\147\054\217\307\172\013\000\040\000\050\000E\000l\000e\000m\000e\000n\000t\000a\000r\000y\000\040\000P\000r\000o\000c\000e\000s\000s\000\040\000E\000P\000\051}{section*.98}% 51
\BOOKMARK [2][-]{section*.111}{\376\377\133\236\117\213\377\032\213\306\122\053\127\372\147\054\217\307\172\013\000\040\000\050\000E\000l\000e\000m\000e\000n\000t\000a\000r\000y\000\040\000P\000r\000o\000c\000e\000s\000s\000\040\000E\000P\000\051}{section*.98}% 52
\BOOKMARK [2][-]{section*.115}{\376\377\0001\000.\157\134\154\064\133\146\150\041\000:\137\000\123\321\230\171\166\356\000\040\000E\000X\000A\000M\000P\000L\000E\000\040\000D\000i\000v\000i\000n\000g\000\040\000S\000c\000h\000o\000o\000l\000:\000\040\000D\000e\000v\000e\000l\000o\000p\000m\000e\000n\000t\000\040\000P\000r\000o\000j\000e\000c\000t}{section*.98}% 53
\BOOKMARK [2][-]{section*.123}{\376\377\117\213\133\120\116\000\173\124\150\110\116\016\211\343\213\373}{section*.98}% 54
\BOOKMARK [2][-]{section*.125}{\376\377\0002\000.\157\134\154\064\133\146\150\041\000:\000F\000E\000M\230\171\166\356}{section*.98}% 55
\BOOKMARK [2][-]{section*.134}{\376\377\117\213\133\120\116\214\173\124\150\110\116\016\211\343\213\373}{section*.98}% 56
\BOOKMARK [2][-]{section*.136}{\376\377\116\016\126\375\226\105\122\237\200\375\160\271\000\050\000I\000F\000P\000U\000G\000\051\166\204\120\117\135\356}{section*.98}% 57
\BOOKMARK [1][-]{section*.137}{\376\377\123\302\200\003\000R\000e\000f\000e\000r\000e\000n\000c\000e\000s}{chapter.5}% 58
\BOOKMARK [0][-]{chapter.6}{\376\377\117\060\173\227\135\345\117\134\221\317}{part.3}% 59
\BOOKMARK [1][-]{section*.138}{\376\377\117\060\173\227\377\032\227\140\152\041\127\213\377\014\217\330\146\057\227\140\116\023\133\266\377\037}{chapter.6}% 60
\BOOKMARK [2][-]{section*.139}{\376\377\116\072\116\300\116\110\117\060\173\227\137\000\123\321\135\345\117\134\221\317\000/\135\345\147\037\217\331\116\110\126\360\226\276}{section*.138}% 61
\BOOKMARK [2][-]{section*.140}{\376\377\117\060\173\227\217\157\116\366\137\000\123\321\166\204\126\360\226\276}{section*.138}% 62
\BOOKMARK [2][-]{section*.141}{\376\377\176\323\147\137\213\355}{section*.138}% 63
\BOOKMARK [1][-]{section*.142}{\376\377\226\104\116\366}{chapter.6}% 64
\BOOKMARK [2][-]{section*.143}{\376\377\117\060\173\227\170\014\116\120\232\330\171\357\147\050\145\366\225\177\000\040\000/\000\040\0002\0000\0001\0005\136\164\133\146\165\037\133\236\232\214\145\160\143\156}{section*.142}% 65
\BOOKMARK [1][-]{section*.146}{\376\377\123\302\200\003\000R\000e\000f\000e\000r\000e\000n\000c\000e\000s}{chapter.6}% 66
\BOOKMARK [0][-]{chapter.7}{\376\377\116\011\160\271\117\060\173\227}{part.3}% 67
\BOOKMARK [1][-]{section*.147}{\376\377\117\060\173\227\146\057\116\000\116\052\203\003\126\364\377\014\116\015\146\057\116\000\116\052\145\160}{chapter.7}% 68
\BOOKMARK [2][-]{section*.148}{\376\377\116\316\123\125\160\271\122\060\116\011\160\271\117\060\173\227}{section*.147}% 69
\BOOKMARK [2][-]{section*.149}{\376\377\140\073\176\323\000\040\000+\000\040\211\343\213\373\122\006\147\220\176\323\147\234}{section*.147}% 70
\BOOKMARK [2][-]{section*.150}{\376\377\122\051\165\050\204\231\162\171\123\141\155\033\152\041\142\337\0001\0000\116\052\153\145\232\244\377\010\116\011\211\322\137\142\122\006\136\003\377\011\166\204\140\073\122\006\136\003}{section*.147}% 71
\BOOKMARK [2][-]{section*.151}{\376\377\122\006\147\220\0001\0000\116\052\153\145\232\244\152\041\142\337\176\323\147\234}{section*.147}% 72
\BOOKMARK [2][-]{section*.152}{\376\377\225\356\173\124\000\040\000Q\000\046\000A}{section*.147}% 73
\BOOKMARK [1][-]{section*.153}{\376\377\226\104\116\366}{chapter.7}% 74
\BOOKMARK [2][-]{section*.154}{\376\377\204\231\162\171\123\141\155\033\000\050\000M\000o\000n\000t\000e\000\040\000C\000a\000r\000l\000o\000\051\000\040\152\041\142\337}{section*.153}% 75
\BOOKMARK [-1][-]{part.4}{\376\377\000I\000V\000\040\137\000\131\313\217\307\172\013\145\071\217\333\116\113\145\305}{}% 76
\BOOKMARK [0][-]{chapter.8}{\376\377\203\267\123\326\232\330\134\102\145\057\143\001}{part.4}% 77
\BOOKMARK [1][-]{section*.155}{\376\377\150\110\117\213}{chapter.8}% 78
\BOOKMARK [2][-]{section*.156}{\376\377\173\054\116\000\162\110\145\271\150\110\116\146}{section*.155}% 79
\BOOKMARK [2][-]{section*.157}{\376\377\173\054\116\214\162\110\116\016\116\055\134\102\170\156\213\244\377\014\000\040\161\066\124\016\124\021\232\330\134\102\154\107\142\245}{section*.155}% 80
\BOOKMARK [0][-]{chapter.9}{\376\377\133\373\142\176\145\071\217\333\147\072\117\032}{part.4}% 81
\BOOKMARK [1][-]{section*.160}{\376\377\140\073\176\323\116\345\116\012\213\277\214\010\166\204\225\356\230\230}{chapter.9}% 82
\BOOKMARK [2][-]{section*.161}{\376\377\173\241\164\006\134\102\166\204\164\006\211\343\116\016\145\057\143\001}{section*.160}% 83
\BOOKMARK [2][-]{section*.162}{\376\377\176\323\147\137\213\355}{section*.160}% 84
\BOOKMARK [1][-]{section*.163}{\376\377\226\104\116\366}{chapter.9}% 85
\BOOKMARK [2][-]{section*.164}{\376\377\000C\000M\000M\000I\213\304\117\060\150\110\117\213}{section*.163}% 86
\BOOKMARK [-1][-]{part.5}{\376\377\000V\000\040\131\202\117\125\120\132\131\175\217\355\116\343\126\336\230\176}{}% 87
\BOOKMARK [0][-]{chapter.10}{\376\377\116\214\121\153\123\237\122\031}{part.5}% 88
\BOOKMARK [1][-]{section*.166}{\376\377\140\016\150\067\137\000\131\313}{chapter.10}% 89
\BOOKMARK [2][-]{section*.167}{\376\377\226\104\116\366}{section*.166}% 90
\BOOKMARK [2][-]{section*.168}{\376\377\116\214\121\153\123\237\122\031\000\050\0008\0000\000/\0002\0000\000\051}{section*.166}% 91
\BOOKMARK [2][-]{section*.169}{\376\377\137\000\123\321\230\171\166\356\135\345\117\134\221\317\377\010\142\020\147\054\377\011\122\006\136\003}{section*.166}% 92
\BOOKMARK [2][-]{section*.170}{\376\377\121\154\123\370\232\330\134\102\116\015\116\000\133\232\121\163\154\350\215\050\221\317}{section*.166}% 93
\BOOKMARK [0][-]{chapter.11}{\376\377\126\342\226\037\123\117\117\134\122\006\147\220\150\071\126\340}{part.5}% 94
\BOOKMARK [1][-]{section*.171}{\376\377\126\336\230\176\155\101\172\013}{chapter.11}% 95
\BOOKMARK [2][-]{section*.172}{\376\377\177\072\226\167\143\222\226\144\163\207}{section*.171}% 96
\BOOKMARK [2][-]{section*.173}{\376\377\150\071\126\340\122\006\147\220\166\204\213\357\211\343}{section*.171}% 97
\BOOKMARK [2][-]{section*.174}{\376\377\226\104\116\366}{section*.171}% 98
\BOOKMARK [2][-]{section*.175}{\376\377\000F\000M\000E\000A\000\040\133\236\117\213}{section*.171}% 99
\BOOKMARK [0][-]{chapter.12}{\376\377\217\157\170\154\121\174\145\275}{part.5}% 100
\BOOKMARK [1][-]{section*.180}{\376\377\126\342\226\037\217\355\116\343\126\336\230\176\150\071\126\340\122\006\147\220\136\070\211\301\225\356\230\230}{chapter.12}% 101
\BOOKMARK [1][-]{section*.181}{\376\377\226\104\116\366}{chapter.12}% 102
\BOOKMARK [2][-]{section*.182}{\376\377\000A\000s\000c\000h\000\040\0001\0009\0005\0001\000\040\177\244\117\027\123\213\122\233\133\236\232\214}{section*.181}% 103
\BOOKMARK [2][-]{section*.183}{\376\377\000B\000r\000e\000h\000m\000\040\0001\0009\0005\0006\000\040\121\263\173\126\137\161\124\315\133\236\232\214}{section*.181}% 104
\BOOKMARK [2][-]{section*.184}{\376\377\000K\000J\122\006\147\220\145\271\154\325\153\145\232\244}{section*.181}% 105
\BOOKMARK [2][-]{section*.185}{\376\377\156\070\142\017\000:\136\224\116\016\124\046}{section*.181}% 106
\BOOKMARK [0][-]{chapter.13}{\376\377\116\316\126\342\226\037\133\236\232\214\122\060\143\001\176\355\145\071\125\204}{part.5}% 107
\BOOKMARK [1][-]{section*.191}{\376\377\230\171\166\356\126\342\226\037\122\006\147\220\150\071\126\340}{chapter.13}% 108
\BOOKMARK [2][-]{section*.193}{\376\377\121\205\220\350\145\131\176\303\131\202\117\125\120\132\131\175\163\260\127\072\217\205\133\374}{section*.191}% 109
\BOOKMARK [2][-]{section*.194}{\376\377\116\316\217\355\116\343\131\015\166\330\122\060\143\001\176\355\145\071\217\333}{section*.191}% 110
\BOOKMARK [2][-]{section*.195}{\376\377\116\016\000Y\121\154\123\370\140\073\176\317\164\006\154\107\142\245}{section*.191}% 111
\BOOKMARK [2][-]{section*.196}{\376\377\145\071\217\333\145\110\147\234}{section*.191}% 112
\BOOKMARK [1][-]{section*.197}{\376\377\226\104\116\366}{chapter.13}% 113
\BOOKMARK [2][-]{section*.198}{\376\377\122\237\200\375\140\047\122\006\176\304\136\056\122\251\126\342\226\037\142\020\225\177\133\236\117\213}{section*.197}% 114
\BOOKMARK [2][-]{section*.199}{\376\377\145\117\143\167\126\336\230\176\116\222\122\250\176\303\116\140\0001\000:\145\366\225\364\210\150\000\040\000\050\000T\000i\000m\000e\000l\000i\000n\000e\000\051}{section*.197}% 115
\BOOKMARK [2][-]{section*.203}{\376\377\145\117\143\167\126\336\230\176\116\222\122\250\176\303\116\140\0002\000:\000\040\230\234\202\162\160\271\000\040\000\050\000C\000o\000l\000o\000r\000\040\000C\000o\000d\000e\000\040\000D\000o\000t\000s\000\051}{section*.197}% 116
\BOOKMARK [2][-]{section*.207}{\376\377\177\072\226\167\143\222\226\144\230\204\155\113\152\041\127\213\133\236\117\213}{section*.197}% 117
\BOOKMARK [1][-]{section*.208}{\376\377\123\302\200\003\000\040\000R\000e\000f\000e\000r\000e\000n\000c\000e}{chapter.13}% 118
\BOOKMARK [-1][-]{part.6}{\376\377\000V\000I\000\040\116\343\170\001\215\050\221\317\145\071\217\333\166\204\127\372\170\100}{}% 119
\BOOKMARK [0][-]{chapter.14}{\376\377\155\113\213\325\232\161\122\250\137\000\123\321}{part.6}% 120
\BOOKMARK [1][-]{section*.209}{\376\377\116\072\116\300\116\110\142\021\116\354\211\201\155\113\213\325\232\161\122\250\137\000\123\321}{chapter.14}% 121
\BOOKMARK [2][-]{section*.210}{\376\377\153\317\134\017\153\145\232\214\213\301}{section*.209}% 122
\BOOKMARK [2][-]{section*.211}{\376\377\165\050\000T\000D\000D\137\000\123\321\172\013\136\217}{section*.209}% 123
\BOOKMARK [2][-]{section*.213}{\376\377\123\125\121\103\155\113\213\325\116\016\000T\000D\000D\166\204\131\175\131\004}{section*.209}% 124
\BOOKMARK [2][-]{section*.214}{\376\377\176\323\147\137\213\355}{section*.209}% 125
\BOOKMARK [1][-]{section*.215}{\376\377\226\104\116\366}{chapter.14}% 126
\BOOKMARK [2][-]{section*.216}{\376\377\116\316\000\040\000M\000I\000T\000\040\000O\000C\000W\000\040\133\146\121\231\172\013\136\217}{section*.215}% 127
\BOOKMARK [0][-]{chapter.15}{\376\377\116\343\170\001\221\315\147\204}{part.6}% 128
\BOOKMARK [1][-]{section*.221}{\376\377\131\202\117\125\133\146\131\175\000S\000O\000L\000I\000D\377\014\142\123\131\175\127\372\170\100\120\132\221\315\147\204}{chapter.15}% 129
\BOOKMARK [2][-]{section*.222}{\376\377\131\202\117\125\143\320\123\107\133\146\124\130\166\204\121\164\215\243\116\016\122\250\122\233}{section*.221}% 130
\BOOKMARK [2][-]{section*.223}{\376\377\116\300\116\110\145\366\120\031\120\132\221\315\147\204}{section*.221}% 131
\BOOKMARK [2][-]{section*.224}{\376\377\116\343\170\001\211\304\203\003}{section*.221}% 132
\BOOKMARK [2][-]{section*.225}{\376\377\143\001\176\355\226\306\142\020}{section*.221}% 133
\BOOKMARK [1][-]{section*.226}{\376\377\226\104\116\366}{chapter.15}% 134
\BOOKMARK [2][-]{section*.227}{\376\377\134\017\133\151\122\051\165\050\116\114\237\237\163\251\121\340\117\125\156\070\142\017\000\050\000T\000u\000r\000t\000l\000e\000\040\000G\000e\000o\000m\000e\000t\000r\000y\000\051\166\204\117\213\133\120}{section*.226}% 135
\BOOKMARK [2][-]{section*.228}{\376\377\156\051\117\057\150\074\166\204\145\131\133\146\133\236\232\214}{section*.226}% 136
\BOOKMARK [1][-]{section*.229}{\376\377\123\302\200\003\000\040\000R\000e\000f\000e\000r\000e\000n\000c\000e\000s}{chapter.15}% 137
\BOOKMARK [0][-]{chapter.16}{\376\377\143\001\176\355\226\306\142\020}{part.6}% 138
\BOOKMARK [1][-]{section*.230}{\376\377\232\214\145\066\155\113\213\325}{chapter.16}% 139
\BOOKMARK [2][-]{section*.233}{\376\377\155\113\213\325\201\352\122\250\123\026}{section*.230}% 140
\BOOKMARK [2][-]{section*.234}{\376\377\143\001\176\355\226\306\142\020}{section*.230}% 141
\BOOKMARK [2][-]{section*.235}{\376\377\126\342\226\037\123\117\117\134}{section*.230}% 142
\BOOKMARK [2][-]{section*.238}{\376\377\143\001\176\355\116\244\116\330}{section*.230}% 143
\BOOKMARK [1][-]{section*.239}{\376\377\226\104\116\366}{chapter.16}% 144
\BOOKMARK [2][-]{section*.240}{\376\377\143\001\176\355\226\306\142\020}{section*.239}% 145
\BOOKMARK [2][-]{section*.241}{\376\377\142\200\147\057\120\072\122\241\117\213\133\120}{section*.239}% 146
\BOOKMARK [1][-]{section*.242}{\376\377\123\302\200\003\000\040\000R\000e\000f\000e\000r\000e\000n\000c\000e\000s}{chapter.16}% 147
\BOOKMARK [0][-]{chapter.17}{\376\377\176\323\133\371\177\026\172\013\116\016\124\014\210\114\213\304\133\241}{part.6}% 148
\BOOKMARK [1][-]{section*.243}{\376\377\127\371\213\255}{chapter.17}% 149
\BOOKMARK [2][-]{section*.251}{\376\377\176\323\147\137\213\355}{section*.243}% 150
\BOOKMARK [1][-]{section*.252}{\376\377\226\104\116\366}{chapter.17}% 151
\BOOKMARK [2][-]{section*.253}{\376\377\116\343\170\001\123\357\213\373\140\047\117\213\133\120}{section*.252}% 152
\BOOKMARK [0][-]{chapter.18}{\376\377\217\157\116\366\227\000\154\102}{part.6}% 153
\BOOKMARK [1][-]{section*.254}{\376\377\226\104\116\366}{chapter.18}% 154
\BOOKMARK [2][-]{section*.255}{\376\377\202\361\126\375\161\144\167\377\165\037\116\247\225\356\230\230\166\204\170\024\172\166}{section*.254}% 155
\BOOKMARK [0][-]{chapter.19}{\376\377\133\242\142\067\123\302\116\016}{part.6}% 156
\BOOKMARK [1][-]{section*.256}{\376\377\136\070\211\301\225\356\230\230}{chapter.19}% 157
\BOOKMARK [2][-]{section*.259}{\376\377\213\306\122\053\122\051\166\312\166\370\121\163\200\005}{section*.256}% 158
\BOOKMARK [2][-]{section*.260}{\376\377\165\050\142\067\145\105\116\213\123\141}{section*.256}% 159
\BOOKMARK [2][-]{section*.261}{\376\377\165\050\117\213\116\016\127\072\146\157}{section*.256}% 160
\BOOKMARK [2][-]{section*.262}{\376\377\116\076\117\213}{section*.256}% 161
\BOOKMARK [2][-]{section*.263}{\376\377\176\323\147\137\213\355}{section*.256}% 162
\BOOKMARK [1][-]{section*.264}{\376\377\226\104\116\366}{chapter.19}% 163
\BOOKMARK [2][-]{section*.265}{\376\377\122\051\166\312\166\370\121\163\200\005}{section*.264}% 164
\BOOKMARK [2][-]{section*.268}{\376\377\133\242\142\067\130\360\227\363\377\032\000K\000a\000n\000o\000\040\000D\000i\000a\000g\000r\000a\000m}{section*.264}% 165
\BOOKMARK [1][-]{section*.269}{\376\377\123\302\200\003\000\040\000R\000e\000f\000e\000r\000e\000n\000c\000e\000s}{chapter.19}% 166
\BOOKMARK [0][-]{chapter.20}{\376\377\126\342\226\037\123\117\117\134}{part.6}% 167
\BOOKMARK [1][-]{section*.270}{\376\377\124\004\201\352\215\037\215\043\201\352\135\361\137\000\123\321\166\204\152\041\127\127}{chapter.20}% 168
\BOOKMARK [2][-]{section*.271}{\376\377\126\342\226\037\124\010\117\134}{section*.270}% 169
\BOOKMARK [2][-]{section*.272}{\376\377\143\011\145\366\116\012\116\013\163\355}{section*.270}% 170
\BOOKMARK [2][-]{section*.273}{\376\377\116\300\116\110\133\374\201\364\174\373\176\337\135\051\156\203}{section*.270}% 171
\BOOKMARK [2][-]{section*.274}{\376\377\142\200\147\057\126\342\226\037\166\204\143\001\176\355\140\047}{section*.270}% 172
\BOOKMARK [1][-]{section*.275}{\376\377\226\104\116\366}{chapter.20}% 173
\BOOKMARK [2][-]{section*.276}{\376\377\136\163\210\141\137\303\140\001\000\040\000\050\000C\000o\000g\000n\000i\000t\000i\000v\000e\000\040\000D\000i\000s\000s\000o\000n\000a\000n\000c\000e\000\051}{section*.275}% 174
\BOOKMARK [1][-]{section*.277}{\376\377\123\302\200\003\000\040\000R\000e\000f\000e\000r\000e\000n\000c\000e\000s}{chapter.20}% 175
\BOOKMARK [-1][-]{part.7}{\376\377\000V\000I\000I\000\040\136\246\221\317\116\016\122\006\147\220}{}% 176
\BOOKMARK [0][-]{chapter.21}{\376\377\120\132\225\356\123\167\214\003\147\345}{part.7}% 177
\BOOKMARK [1][-]{section*.278}{\376\377\150\110\117\213\377\032\116\072\147\320\121\150\126\375\137\353\231\020\217\336\225\001\120\132\225\356\123\167\214\003\147\345}{chapter.21}% 178
\BOOKMARK [2][-]{section*.284}{\376\377\176\323\147\137\213\355}{section*.278}% 179
\BOOKMARK [0][-]{chapter.22}{\376\377\145\131\134\017\133\151\176\337\213\241\122\006\147\220}{part.7}% 180
\BOOKMARK [1][-]{section*.285}{\376\377\116\316\200\003\213\325\142\020\176\351\122\060\215\070\146\023\220\006\135\356}{chapter.22}% 181
\BOOKMARK [2][-]{section*.292}{\376\377\122\006\147\220\117\213\133\120\377\032\217\336\176\355\116\016\122\006\176\304\145\160\143\156}{section*.285}% 182
\BOOKMARK [2][-]{section*.295}{\376\377\176\323\147\137\213\355}{section*.285}% 183
\BOOKMARK [1][-]{section*.296}{\376\377\226\104\116\366}{chapter.22}% 184
\BOOKMARK [2][-]{section*.297}{\376\377\131\202\117\125\165\073\203\016\123\366\126\376\000\050\000S\000t\000e\000m\000\040\000a\000n\000d\000\040\000L\000e\000a\000f\000\040\000P\000l\000o\000t\000\051}{section*.296}% 185
\BOOKMARK [2][-]{section*.298}{\376\377\173\261\176\277\126\376\000\040\000\050\000B\000o\000x\000\040\000a\000n\000d\000\040\000W\000h\000i\000s\000k\000e\000r\000\040\000P\000l\000o\000t\000\051}{section*.296}% 186
\BOOKMARK [1][-]{section*.299}{\376\377\123\302\200\003\000R\000e\000f\000e\000r\000e\000n\000c\000e\000s}{chapter.22}% 187
\BOOKMARK [0][-]{chapter.23}{\376\377\120\107\213\276\150\300\232\214}{part.7}% 188
\BOOKMARK [1][-]{section*.300}{\376\377\120\107\213\276\150\300\232\214\166\204\153\145\232\244}{chapter.23}% 189
\BOOKMARK [2][-]{section*.301}{\376\377\150\300\232\214\123\125\116\052\153\143\140\001\140\073\117\123\166\204\127\107\120\074}{section*.300}% 190
\BOOKMARK [2][-]{section*.302}{\376\377\153\324\217\203\116\044\116\052\153\143\140\001\140\073\117\123\166\204\127\107\120\074}{section*.300}% 191
\BOOKMARK [2][-]{section*.303}{\376\377\150\300\232\214\123\125\116\052\153\143\140\001\140\073\117\123\166\204\127\107\120\074\000,\145\271\135\356\147\052\167\345}{section*.300}% 192
\BOOKMARK [2][-]{section*.304}{\376\377\145\271\135\356\122\006\147\220\000\040\000\050\000A\000N\000O\000V\000A\000\040\000t\000e\000s\000t\000\051}{section*.300}% 193
\BOOKMARK [2][-]{section*.308}{\376\377\122\006\176\304\377\010\122\006\174\173\377\011\145\160\143\156}{section*.300}% 194
\BOOKMARK [1][-]{section*.310}{\376\377\226\104\116\366}{chapter.23}% 195
\BOOKMARK [2][-]{section*.311}{\376\377\116\055\137\303\147\201\226\120\133\232\164\006\000\040\000\050\000C\000e\000n\000t\000r\000a\000l\000\040\000L\000i\000m\000i\000t\000\040\000T\000h\000e\000o\000r\000e\000m\000\040\000C\000L\000T\000\051}{section*.310}% 196
\BOOKMARK [2][-]{section*.312}{\376\377\150\300\232\214\123\125\116\052\153\143\140\001\145\164\117\123\127\107\120\074\166\370\121\163\145\271\172\013\137\017}{section*.310}% 197
\BOOKMARK [2][-]{section*.313}{\376\377\153\324\217\203\116\044\116\052\153\143\140\001\140\073\117\123\166\204\127\107\120\074}{section*.310}% 198
\BOOKMARK [2][-]{section*.314}{\376\377\150\300\232\214\123\125\116\052\153\143\140\001\140\073\117\123\166\204\127\107\120\074\000,\145\271\135\356\147\052\167\345}{section*.310}% 199
\BOOKMARK [2][-]{section*.315}{\376\377\000T\000u\000k\000e\000y\000-\000K\000r\000a\000m\000e\000r\000\040\166\370\121\163\145\271\172\013\137\017}{section*.310}% 200
\BOOKMARK [0][-]{chapter.24}{\376\377\143\247\122\066\126\376}{part.7}% 201
\BOOKMARK [1][-]{section*.317}{\376\377\136\372\172\313\127\372\176\277}{chapter.24}% 202
\BOOKMARK [2][-]{section*.318}{\376\377\126\152\227\363\217\330\146\057\117\341\123\367}{section*.317}% 203
\BOOKMARK [2][-]{section*.319}{\376\377\143\247\122\066\126\376\166\204\136\224\165\050}{section*.317}% 204
\BOOKMARK [2][-]{section*.323}{\376\377\176\323\147\137\213\355}{section*.317}% 205
\BOOKMARK [1][-]{section*.324}{\376\377\226\104\116\366}{chapter.24}% 206
\BOOKMARK [2][-]{section*.325}{\376\377\131\202\117\125\165\073\000I\000m\000R\143\247\122\066\126\376}{section*.324}% 207
\BOOKMARK [2][-]{section*.326}{\376\377\124\004\171\315\143\247\122\066\126\376}{section*.324}% 208
\BOOKMARK [2][-]{section*.327}{\376\377\217\307\172\013\200\375\122\233\000\050\000P\000r\000o\000c\000e\000s\000s\000\040\000C\000a\000p\000a\000b\000i\000l\000i\000t\000y\000\051}{section*.324}% 209
\BOOKMARK [2][-]{section*.328}{\376\377\176\306\122\006\117\213\133\120}{section*.324}% 210
\BOOKMARK [1][-]{section*.329}{\376\377\123\302\200\003\000\040\000R\000e\000f\000e\000r\000e\000n\000c\000e\000s}{chapter.24}% 211
\BOOKMARK [-1][-]{part.8}{\376\377\000V\000I\000I\000I\000\040\140\073\176\323}{}% 212
\BOOKMARK [0][-]{chapter.25}{\376\377\122\033\145\260\377\032\116\316\116\052\116\272\122\060\121\154\123\370}{part.8}% 213
\BOOKMARK [1][-]{section*.330}{\376\377\137\025\212\000}{chapter.25}% 214
\BOOKMARK [2][-]{section*.331}{\376\377\0004\0000\0000\136\164\122\115\166\204\221\315\131\047\145\160\133\146\123\321\146\016}{section*.330}% 215
\BOOKMARK [2][-]{section*.332}{\376\377\122\033\145\260\000\040\000C\000r\000e\000a\000t\000i\000v\000i\000t\000y}{section*.330}% 216
\BOOKMARK [2][-]{section*.333}{\376\377\123\237\122\033\174\276\171\136\000\040\000S\000p\000i\000r\000i\000t\000\040\000o\000f\000\040\000C\000r\000e\000a\000t\000i\000n\000g\000\040}{section*.330}% 217
\BOOKMARK [2][-]{section*.334}{\376\377\121\154\123\370\131\202\117\125\122\033\145\260}{section*.330}% 218
\BOOKMARK [2][-]{section*.335}{\376\377\227\363\116\120\144\255\145\076\126\150}{section*.330}% 219
\BOOKMARK [2][-]{section*.336}{\376\377\000i\000T\000u\000n\000e\000s\000\040\177\121\116\012\125\106\136\227}{section*.330}% 220
\BOOKMARK [2][-]{section*.337}{\376\377\116\007\116\213\215\167\131\064\226\276}{section*.330}% 221
\BOOKMARK [2][-]{section*.338}{\376\377\116\316\157\322\116\064\170\064\116\247\123\330\116\072\126\336\142\245\147\000\131\175\166\204\142\225\215\104}{section*.330}% 222
\BOOKMARK [2][-]{section*.339}{\376\377\121\154\123\370\122\033\145\260\142\020\122\237\211\201\175\040}{section*.330}% 223
\BOOKMARK [2][-]{section*.346}{\376\377\176\323\147\137\213\355}{section*.330}% 224
\BOOKMARK [2][-]{section*.347}{\376\377\116\052\116\272\176\317\232\214\145\131\213\255}{section*.330}% 225
\BOOKMARK [1][-]{section*.348}{\376\377\226\104\116\366}{chapter.25}% 226
\BOOKMARK [2][-]{section*.349}{\376\377\000P\000i\000x\000a\000r\000\040\122\066\117\134\173\054\116\000\220\350\165\065\201\021\122\250\157\053\377\032\163\251\121\167\140\073\122\250\124\130\000\050\000T\000o\000y\000\040\000S\000t\000o\000r\000y\000\051}{section*.348}% 227
\BOOKMARK [1][-]{section*.350}{\376\377\123\302\200\003\000\040\000R\000e\000f\000e\000r\000e\000n\000c\000e\000s}{chapter.25}% 228
\BOOKMARK [0][-]{chapter.26}{\376\377\123\027\116\254\142\113\213\260}{part.8}% 229
\BOOKMARK [1][-]{section*.354}{\376\377\122\033\145\260\147\145\156\220\116\216\165\037\155\073}{chapter.26}% 230
\BOOKMARK [0][-]{chapter.27}{\376\377\150\071\116\016\177\374}{part.8}% 231
\BOOKMARK [1][-]{section*.356}{\376\377\150\071}{chapter.27}% 232
\BOOKMARK [2][-]{section*.357}{\376\377\177\374}{section*.356}% 233
\BOOKMARK [2][-]{section*.359}{\376\377\000T\000E\000D\157\024\213\262\137\017\140\073\176\323}{section*.356}% 234
\BOOKMARK [1][-]{section*.360}{\376\377\123\302\200\003\000\040\000R\000e\000f\000e\000r\000e\000n\000c\000e\000s}{chapter.27}% 235
\BOOKMARK [-1][-]{part.9}{\376\377\000I\000X\000\040\226\104\137\125}{}% 236
\BOOKMARK [0][-]{chapter.28}{\376\377\000A\000:\176\305\130\353\117\361\116\120\220\350\217\307\172\013\145\071\217\333}{part.9}% 237
\BOOKMARK [1][-]{section*.368}{\376\377\123\302\200\003\000\040\000R\000e\000f\000e\000r\000e\000n\000c\000e\000s}{chapter.28}% 238
\BOOKMARK [0][-]{chapter.29}{\376\377\000B\000:\122\006\147\220\217\355\116\343\133\242\142\067\156\341\141\017\136\246\214\003\147\345\145\160\143\156}{part.9}% 239
\BOOKMARK [1][-]{section*.369}{\376\377\150\110\117\213\200\314\146\157}{chapter.29}% 240
\BOOKMARK [2][-]{section*.370}{\376\377\217\355\116\343\145\160\143\156}{section*.369}% 241
\BOOKMARK [2][-]{section*.371}{\376\377\145\160\143\156\122\006\147\220}{section*.369}% 242
\BOOKMARK [2][-]{section*.372}{\376\377\145\071\217\333\143\252\145\275}{section*.369}% 243
\BOOKMARK [2][-]{section*.373}{\376\377\145\071\217\333\145\110\147\234}{section*.369}% 244
