\BOOKMARK [1][-]{section*.6}{\376\377\122\115\212\000\000\040\000P\000r\000o\000l\000o\000g\000u\000e}{}% 1
\BOOKMARK [-1][-]{part.1}{\376\377\000I\000\040\150\110\117\213\122\006\147\220}{}% 2
\BOOKMARK [0][-]{chapter.1}{\376\377\131\202\117\125\145\071\125\204}{part.1}% 3
\BOOKMARK [1][-]{section*.7}{\376\377\145\117\143\167\137\000\123\321\217\307\172\013\145\071\217\333\150\110\117\213}{chapter.1}% 4
\BOOKMARK [2][-]{section*.13}{\376\377\131\202\117\125\145\071\125\204}{section*.7}% 5
\BOOKMARK [2][-]{section*.14}{\376\377\116\060\165\060\145\105\116\213}{section*.7}% 6
\BOOKMARK [2][-]{section*.15}{\376\377\154\064\227\142\116\013\166\204\173\241\164\006\140\035\215\357}{section*.7}% 7
\BOOKMARK [2][-]{section*.24}{\376\377\145\071\125\204\215\050\221\317}{section*.7}% 8
\BOOKMARK [2][-]{section*.25}{\376\377\176\323\147\137\213\355}{section*.7}% 9
\BOOKMARK [1][-]{section*.26}{\376\377\226\104\116\366}{chapter.1}% 10
\BOOKMARK [2][-]{section*.27}{\376\377\163\260\116\343\154\175\217\146\165\037\116\247}{section*.26}% 11
\BOOKMARK [2][-]{section*.28}{\376\377\000X\000P}{section*.26}% 12
\BOOKMARK [2][-]{section*.44}{\376\377\000`\000`\000\040\0005\000\040\000W\000h\000y\000\040\000'\000'\133\236\117\213}{section*.26}% 13
\BOOKMARK [2][-]{section*.45}{\376\377\0005\000S\154\325}{section*.26}% 14
\BOOKMARK [1][-]{section*.46}{\376\377\123\302\200\003\000\040\000R\000e\000f\000e\000r\000e\000n\000c\000e\000s}{chapter.1}% 15
\BOOKMARK [-1][-]{part.2}{\376\377\000I\000I\000\040\126\342\226\037\116\016\201\352\142\021\145\071\125\204\127\372\147\054\122\237}{}% 16
\BOOKMARK [0][-]{chapter.2}{\376\377\145\071\217\333\116\316\126\342\226\037\137\000\131\313}{part.2}% 17
\BOOKMARK [1][-]{section*.47}{\376\377\177\216\126\375\215\071\127\316\000W\000e\000i\000s\000b\000o\000r\000d\145\105\116\213}{chapter.2}% 18
\BOOKMARK [2][-]{section*.48}{\376\377\225\356\230\230\131\004\116\216\000X\140\035\176\364\166\204\116\073\173\241}{section*.47}% 19
\BOOKMARK [2][-]{section*.51}{\376\377\124\057\123\321}{section*.47}% 20
\BOOKMARK [2][-]{section*.53}{\376\377\202\254\121\160\213\241\122\022}{section*.47}% 21
\BOOKMARK [1][-]{section*.65}{\376\377\123\302\200\003\000\040\000R\000e\000f\000e\000r\000e\000n\000c\000e\000s}{chapter.2}% 22
\BOOKMARK [0][-]{chapter.3}{\376\377\121\113\147\015\142\326\136\366\165\307}{part.2}% 23
\BOOKMARK [1][-]{section*.76}{\376\377\176\323\147\137\213\355}{chapter.3}% 24
\BOOKMARK [1][-]{section*.77}{\376\377\226\104\116\366}{chapter.3}% 25
\BOOKMARK [2][-]{section*.78}{\376\377\225\073\160\274\116\113\220\123\000\040\000T\000h\000e\000\040\000T\000r\000u\000t\000h\000\040\000a\000b\000o\000u\000t\000\040\000E\000X\000E\000R\000C\000I\000S\000E}{section*.77}% 26
\BOOKMARK [1][-]{section*.79}{\376\377\123\302\200\003\000\040\000R\000e\000f\000e\000r\000e\000n\000c\000e\000s}{chapter.3}% 27
\BOOKMARK [-1][-]{part.3}{\376\377\000I\000I\000I\000\040\201\352\142\021\173\241\164\006\137\000\123\321\217\307\172\013}{}% 28
\BOOKMARK [0][-]{chapter.4}{\376\377\116\011\160\271\117\060\173\227}{part.3}% 29
\BOOKMARK [1][-]{section*.80}{\376\377\117\060\173\227\146\057\116\000\116\052\203\003\126\364\377\014\116\015\146\057\116\000\116\052\145\160}{chapter.4}% 30
\BOOKMARK [2][-]{section*.81}{\376\377\116\316\123\125\160\271\122\060\116\011\160\271\117\060\173\227}{section*.80}% 31
\BOOKMARK [2][-]{section*.82}{\376\377\140\073\176\323\000\040\000+\000\040\211\343\213\373\122\006\147\220\176\323\147\234}{section*.80}% 32
\BOOKMARK [2][-]{section*.83}{\376\377\122\051\165\050\204\231\162\171\123\141\155\033\152\041\142\337\0001\0000\116\052\153\145\232\244\377\010\116\011\211\322\137\142\122\006\136\003\377\011\166\204\140\073\122\006\136\003}{section*.80}% 33
\BOOKMARK [2][-]{section*.84}{\376\377\122\006\147\220\0001\0000\116\052\153\145\232\244\152\041\142\337\176\323\147\234}{section*.80}% 34
\BOOKMARK [2][-]{section*.85}{\376\377\225\356\173\124\000\040\000Q\000\046\000A}{section*.80}% 35
\BOOKMARK [1][-]{section*.86}{\376\377\226\104\116\366}{chapter.4}% 36
\BOOKMARK [2][-]{section*.87}{\376\377\204\231\162\171\123\141\155\033\000\050\000M\000o\000n\000t\000e\000\040\000C\000a\000r\000l\000o\000\051\000\040\152\041\142\337}{section*.86}% 37
\BOOKMARK [0][-]{chapter.5}{\376\377\221\317\123\026\173\241\164\006\116\316\116\052\116\272\137\000\131\313}{part.3}% 38
\BOOKMARK [1][-]{section*.88}{\376\377\131\202\117\125\226\115\117\116\230\171\166\356\217\333\136\246\120\117\135\356}{chapter.5}% 39
\BOOKMARK [2][-]{section*.89}{\376\377\116\316\221\317\123\026\127\371\213\255\137\000\131\313}{section*.88}% 40
\BOOKMARK [2][-]{section*.90}{\376\377\116\316\117\060\173\227\060\001\173\126\122\022\122\060\166\321\143\247}{section*.88}% 41
\BOOKMARK [2][-]{section*.91}{\376\377\136\224\131\202\117\125\145\071\125\204}{section*.88}% 42
\BOOKMARK [1][-]{section*.92}{\376\377\226\104\116\366}{chapter.5}% 43
\BOOKMARK [2][-]{section*.93}{\376\377\143\043\120\074\122\006\147\220\154\325\377\010\000E\000a\000r\000n\000e\000d\000\040\000V\000a\000l\000u\000e\377\011}{section*.92}% 44
\BOOKMARK [2][-]{section*.94}{\376\377\131\202\117\125\173\200\123\125\213\260\137\125\135\345\145\366}{section*.92}% 45
\BOOKMARK [2][-]{section*.95}{\376\377\116\052\117\123\217\157\116\366\217\307\172\013\000\040\000P\000e\000r\000s\000o\000n\000a\000l\000\040\000S\000o\000f\000t\000w\000a\000r\000e\000\040\000P\000r\000o\000c\000e\000s\000s\377\010\000P\000S\000P\377\011\000\040\173\200\116\313}{section*.92}% 46
\BOOKMARK [2][-]{section*.101}{\376\377\117\177\165\050\143\043\120\074\122\006\147\220\166\321\143\247\150\110\117\213}{section*.92}% 47
\BOOKMARK [1][-]{section*.103}{\376\377\123\302\200\003\000R\000e\000f\000e\000r\000e\000n\000c\000e\000s}{chapter.5}% 48
\BOOKMARK [0][-]{chapter.6}{\376\377\117\060\173\227\217\157\116\366\211\304\152\041}{part.3}% 49
\BOOKMARK [1][-]{section*.104}{\376\377\116\072\116\300\116\110\211\201\117\060\173\227\211\304\152\041}{chapter.6}% 50
\BOOKMARK [2][-]{section*.105}{\376\377\116\072\116\300\116\110\116\015\136\224\165\050\116\343\170\001\210\114\145\160\000\050\000L\000O\000C\000\051}{section*.104}% 51
\BOOKMARK [2][-]{section*.108}{\376\377\140\016\150\067\117\060\173\227\173\200\123\026\122\237\200\375\160\271\000\050\000S\000i\000F\000P\000\051}{section*.104}% 52
\BOOKMARK [2][-]{section*.109}{\376\377\116\316\145\105\116\213\160\271\217\154\173\200\123\026\122\237\200\375\160\271}{section*.104}% 53
\BOOKMARK [1][-]{section*.111}{\376\377\226\104\116\366}{chapter.6}% 54
\BOOKMARK [2][-]{section*.112}{\376\377\173\200\123\026\122\237\200\375\160\271\000\050\000S\000i\000F\000P\000\051\000\040\173\200\116\313}{section*.111}% 55
\BOOKMARK [2][-]{section*.124}{\376\377\220\073\217\221\145\207\116\366\000\040\000\050\000L\000o\000g\000i\000c\000a\000l\000\040\000F\000i\000l\000e\000\051}{section*.111}% 56
\BOOKMARK [2][-]{section*.125}{\376\377\127\372\147\054\217\307\172\013\000\040\000\050\000E\000l\000e\000m\000e\000n\000t\000a\000r\000y\000\040\000P\000r\000o\000c\000e\000s\000s\000\040\000E\000P\000\051}{section*.111}% 57
\BOOKMARK [2][-]{section*.128}{\376\377\133\236\117\213\377\032\213\306\122\053\127\372\147\054\217\307\172\013\000\040\000\050\000E\000P\000\051}{section*.111}% 58
\BOOKMARK [2][-]{section*.132}{\376\377\150\110\117\213\000A\000:\137\000\123\321\000\050\000D\000e\000v\000e\000l\000o\000p\000m\000e\000n\000t\000\051\230\171\166\356}{section*.111}% 59
\BOOKMARK [2][-]{section*.133}{\376\377\173\124\150\110\116\016\211\343\213\373}{section*.111}% 60
\BOOKMARK [2][-]{section*.134}{\376\377\150\110\117\213\000B\000:\117\030\123\026\176\364\142\244\377\010\000F\000E\000M\377\011\230\171\166\356}{section*.111}% 61
\BOOKMARK [2][-]{section*.135}{\376\377\173\124\150\110\116\016\211\343\213\373}{section*.111}% 62
\BOOKMARK [2][-]{section*.136}{\376\377\116\016\126\375\226\105\122\237\200\375\160\271\000\050\000I\000F\000P\000U\000G\000\051\166\204\120\117\135\356}{section*.111}% 63
\BOOKMARK [1][-]{section*.137}{\376\377\123\302\200\003\000R\000e\000f\000e\000r\000e\000n\000c\000e\000s}{chapter.6}% 64
\BOOKMARK [0][-]{chapter.7}{\376\377\117\060\173\227\135\345\117\134\221\317}{part.3}% 65
\BOOKMARK [1][-]{section*.138}{\376\377\117\060\173\227\377\032\227\140\152\041\127\213\377\014\217\330\146\057\227\140\116\023\133\266\377\037}{chapter.7}% 66
\BOOKMARK [2][-]{section*.139}{\376\377\116\072\116\300\116\110\117\060\173\227\137\000\123\321\135\345\117\134\221\317\000/\135\345\147\037\217\331\116\110\126\360\226\276}{section*.138}% 67
\BOOKMARK [2][-]{section*.140}{\376\377\117\060\173\227\217\157\116\366\137\000\123\321\166\204\126\360\226\276}{section*.138}% 68
\BOOKMARK [2][-]{section*.141}{\376\377\176\323\147\137\213\355}{section*.138}% 69
\BOOKMARK [1][-]{section*.142}{\376\377\226\104\116\366}{chapter.7}% 70
\BOOKMARK [2][-]{section*.143}{\376\377\117\060\173\227\170\014\116\120\232\330\171\357\147\050\145\366\225\177\000\040\000/\000\040\0002\0000\0001\0005\136\164\133\146\165\037\133\236\232\214\145\160\143\156}{section*.142}% 71
\BOOKMARK [1][-]{section*.146}{\376\377\123\302\200\003\000R\000e\000f\000e\000r\000e\000n\000c\000e\000s}{chapter.7}% 72
\BOOKMARK [-1][-]{part.4}{\376\377\000I\000V\000\040\137\000\131\313\217\307\172\013\145\071\217\333\116\113\145\305}{}% 73
\BOOKMARK [0][-]{chapter.8}{\376\377\203\267\123\326\232\330\134\102\145\057\143\001}{part.4}% 74
\BOOKMARK [1][-]{section*.147}{\376\377\150\110\117\213}{chapter.8}% 75
\BOOKMARK [2][-]{section*.148}{\376\377\173\054\116\000\162\110\145\271\150\110\116\146}{section*.147}% 76
\BOOKMARK [2][-]{section*.149}{\376\377\173\054\116\214\162\110\116\016\116\055\134\102\170\156\213\244\377\014\000\040\161\066\124\016\124\021\232\330\134\102\154\107\142\245}{section*.147}% 77
\BOOKMARK [0][-]{chapter.9}{\376\377\133\373\142\176\145\071\217\333\147\072\117\032}{part.4}% 78
\BOOKMARK [1][-]{section*.152}{\376\377\213\304\117\060\116\055\213\277\214\010\121\154\123\370\127\371\213\255\116\023\124\130}{chapter.9}% 79
\BOOKMARK [2][-]{section*.153}{\376\377\140\073\176\323\116\345\116\012\213\277\214\010\166\204\225\356\230\230}{section*.152}% 80
\BOOKMARK [2][-]{section*.154}{\376\377\173\241\164\006\134\102\166\204\164\006\211\343\116\016\145\057\143\001}{section*.152}% 81
\BOOKMARK [2][-]{section*.155}{\376\377\176\323\147\137\213\355}{section*.152}% 82
\BOOKMARK [1][-]{section*.156}{\376\377\226\104\116\366}{chapter.9}% 83
\BOOKMARK [2][-]{section*.157}{\376\377\000C\000M\000M\000I\213\304\117\060\150\110\117\213}{section*.156}% 84
\BOOKMARK [-1][-]{part.5}{\376\377\000V\000\040\131\202\117\125\120\132\131\175\217\355\116\343\126\336\230\176}{}% 85
\BOOKMARK [0][-]{chapter.10}{\376\377\116\214\121\153\123\237\122\031}{part.5}% 86
\BOOKMARK [1][-]{section*.159}{\376\377\140\016\150\067\137\000\131\313}{chapter.10}% 87
\BOOKMARK [1][-]{section*.160}{\376\377\226\104\116\366}{chapter.10}% 88
\BOOKMARK [2][-]{section*.161}{\376\377\116\214\121\153\123\237\122\031\000\050\0008\0000\000/\0002\0000\000\051}{section*.160}% 89
\BOOKMARK [2][-]{section*.162}{\376\377\137\000\123\321\230\171\166\356\135\345\117\134\221\317\377\010\142\020\147\054\377\011\122\006\136\003}{section*.160}% 90
\BOOKMARK [2][-]{section*.163}{\376\377\121\154\123\370\232\330\134\102\116\015\116\000\133\232\121\163\154\350\215\050\221\317}{section*.160}% 91
\BOOKMARK [0][-]{chapter.11}{\376\377\126\342\226\037\123\117\117\134\122\006\147\220\150\071\126\340}{part.5}% 92
\BOOKMARK [1][-]{section*.164}{\376\377\126\336\230\176\155\101\172\013}{chapter.11}% 93
\BOOKMARK [2][-]{section*.165}{\376\377\177\072\226\167\143\222\226\144\163\207}{section*.164}% 94
\BOOKMARK [1][-]{section*.166}{\376\377\150\071\126\340\122\006\147\220\166\204\213\357\211\343}{chapter.11}% 95
\BOOKMARK [1][-]{section*.167}{\376\377\226\104\116\366}{chapter.11}% 96
\BOOKMARK [2][-]{section*.168}{\376\377\000F\000M\000E\000A\000\040\133\236\117\213}{section*.167}% 97
\BOOKMARK [2][-]{section*.169}{\376\377\131\202\117\125\122\006\147\220\116\016\133\371\136\224\124\004\174\173\165\061\116\216\116\272\124\130\137\025\215\167\166\204\177\072\226\167}{section*.167}% 98
\BOOKMARK [0][-]{chapter.12}{\376\377\217\157\170\154\121\174\145\275}{part.5}% 99
\BOOKMARK [1][-]{section*.174}{\376\377\126\342\226\037\217\355\116\343\126\336\230\176\150\071\126\340\122\006\147\220\136\070\211\301\225\356\230\230}{chapter.12}% 100
\BOOKMARK [1][-]{section*.175}{\376\377\226\104\116\366}{chapter.12}% 101
\BOOKMARK [2][-]{section*.176}{\376\377\000A\000s\000c\000h\000\040\0001\0009\0005\0001\000\040\177\244\117\027\123\213\122\233\133\236\232\214}{section*.175}% 102
\BOOKMARK [2][-]{section*.177}{\376\377\000B\000r\000e\000h\000m\000\040\0001\0009\0005\0006\000\040\121\263\173\126\137\161\124\315\133\236\232\214}{section*.175}% 103
\BOOKMARK [2][-]{section*.178}{\376\377\000K\000J\122\006\147\220\145\271\154\325\153\145\232\244}{section*.175}% 104
\BOOKMARK [2][-]{section*.179}{\376\377\156\070\142\017\000:\136\224\116\016\124\046}{section*.175}% 105
\BOOKMARK [0][-]{chapter.13}{\376\377\116\316\126\342\226\037\133\236\232\214\122\060\143\001\176\355\145\071\125\204}{part.5}% 106
\BOOKMARK [1][-]{section*.185}{\376\377\230\171\166\356\126\342\226\037\122\006\147\220\150\071\126\340}{chapter.13}% 107
\BOOKMARK [2][-]{section*.187}{\376\377\121\205\220\350\145\131\176\303\131\202\117\125\120\132\131\175\163\260\127\072\217\205\133\374}{section*.185}% 108
\BOOKMARK [2][-]{section*.188}{\376\377\116\316\217\355\116\343\131\015\166\330\122\060\143\001\176\355\145\071\217\333}{section*.185}% 109
\BOOKMARK [2][-]{section*.189}{\376\377\116\016\000Y\121\154\123\370\140\073\176\317\164\006\154\107\142\245}{section*.185}% 110
\BOOKMARK [2][-]{section*.190}{\376\377\145\071\217\333\145\110\147\234}{section*.185}% 111
\BOOKMARK [1][-]{section*.191}{\376\377\226\104\116\366}{chapter.13}% 112
\BOOKMARK [2][-]{section*.192}{\376\377\122\237\200\375\140\047\122\006\176\304\136\056\122\251\126\342\226\037\142\020\225\177\133\236\117\213}{section*.191}% 113
\BOOKMARK [2][-]{section*.193}{\376\377\145\117\143\167\126\336\230\176\116\222\122\250\176\303\116\140\0001\000:\145\366\225\364\210\150\000\040\000\050\000T\000i\000m\000e\000l\000i\000n\000e\000\051}{section*.191}% 114
\BOOKMARK [2][-]{section*.197}{\376\377\145\117\143\167\126\336\230\176\116\222\122\250\176\303\116\140\0002\000:\000\040\230\234\202\162\160\271\000\040\000\050\000C\000o\000l\000o\000r\000\040\000C\000o\000d\000e\000\040\000D\000o\000t\000s\000\051}{section*.191}% 115
\BOOKMARK [2][-]{section*.201}{\376\377\177\072\226\167\143\222\226\144\230\204\155\113\152\041\127\213\133\236\117\213}{section*.191}% 116
\BOOKMARK [1][-]{section*.202}{\376\377\123\302\200\003\000\040\000R\000e\000f\000e\000r\000e\000n\000c\000e}{chapter.13}% 117
\BOOKMARK [-1][-]{part.6}{\376\377\000V\000I\000\040\116\343\170\001\215\050\221\317\145\071\217\333\166\204\127\372\170\100}{}% 118
\BOOKMARK [0][-]{chapter.14}{\376\377\155\113\213\325\232\161\122\250\137\000\123\321}{part.6}% 119
\BOOKMARK [1][-]{section*.203}{\376\377\116\072\116\300\116\110\142\021\116\354\211\201\155\113\213\325\232\161\122\250\137\000\123\321}{chapter.14}% 120
\BOOKMARK [2][-]{section*.204}{\376\377\153\317\134\017\153\145\232\214\213\301}{section*.203}% 121
\BOOKMARK [2][-]{section*.205}{\376\377\165\050\000T\000D\000D\137\000\123\321\172\013\136\217}{section*.203}% 122
\BOOKMARK [2][-]{section*.207}{\376\377\123\125\121\103\155\113\213\325\116\016\000T\000D\000D\166\204\131\175\131\004}{section*.203}% 123
\BOOKMARK [2][-]{section*.208}{\376\377\176\323\147\137\213\355}{section*.203}% 124
\BOOKMARK [1][-]{section*.209}{\376\377\226\104\116\366}{chapter.14}% 125
\BOOKMARK [2][-]{section*.210}{\376\377\116\316\000\040\000M\000I\000T\000\040\000O\000C\000W\000\040\133\146\121\231\172\013\136\217}{section*.209}% 126
\BOOKMARK [0][-]{chapter.15}{\376\377\116\343\170\001\221\315\147\204}{part.6}% 127
\BOOKMARK [1][-]{section*.215}{\376\377\131\202\117\125\133\146\131\175\000S\000O\000L\000I\000D\377\014\142\123\131\175\127\372\170\100\120\132\221\315\147\204}{chapter.15}% 128
\BOOKMARK [2][-]{section*.216}{\376\377\131\202\117\125\143\320\123\107\133\146\124\130\166\204\121\164\215\243\116\016\122\250\122\233}{section*.215}% 129
\BOOKMARK [2][-]{section*.217}{\376\377\116\300\116\110\145\366\120\031\120\132\221\315\147\204}{section*.215}% 130
\BOOKMARK [2][-]{section*.218}{\376\377\116\343\170\001\211\304\203\003}{section*.215}% 131
\BOOKMARK [2][-]{section*.219}{\376\377\143\001\176\355\226\306\142\020}{section*.215}% 132
\BOOKMARK [1][-]{section*.220}{\376\377\226\104\116\366}{chapter.15}% 133
\BOOKMARK [2][-]{section*.221}{\376\377\134\017\133\151\122\051\165\050\116\114\237\237\163\251\121\340\117\125\156\070\142\017\000\050\000T\000u\000r\000t\000l\000e\000\040\000G\000e\000o\000m\000e\000t\000r\000y\000\051\166\204\117\213\133\120}{section*.220}% 134
\BOOKMARK [2][-]{section*.222}{\376\377\156\051\117\057\150\074\166\204\145\131\133\146\133\236\232\214}{section*.220}% 135
\BOOKMARK [1][-]{section*.223}{\376\377\123\302\200\003\000\040\000R\000e\000f\000e\000r\000e\000n\000c\000e\000s}{chapter.15}% 136
\BOOKMARK [0][-]{chapter.16}{\376\377\143\001\176\355\226\306\142\020}{part.6}% 137
\BOOKMARK [1][-]{section*.224}{\376\377\232\214\145\066\155\113\213\325}{chapter.16}% 138
\BOOKMARK [2][-]{section*.227}{\376\377\155\113\213\325\201\352\122\250\123\026}{section*.224}% 139
\BOOKMARK [2][-]{section*.228}{\376\377\143\001\176\355\226\306\142\020}{section*.224}% 140
\BOOKMARK [2][-]{section*.229}{\376\377\126\342\226\037\123\117\117\134}{section*.224}% 141
\BOOKMARK [2][-]{section*.232}{\376\377\143\001\176\355\116\244\116\330}{section*.224}% 142
\BOOKMARK [1][-]{section*.233}{\376\377\226\104\116\366}{chapter.16}% 143
\BOOKMARK [2][-]{section*.234}{\376\377\143\001\176\355\226\306\142\020}{section*.233}% 144
\BOOKMARK [2][-]{section*.235}{\376\377\142\200\147\057\120\072\122\241\117\213\133\120}{section*.233}% 145
\BOOKMARK [1][-]{section*.236}{\376\377\123\302\200\003\000\040\000R\000e\000f\000e\000r\000e\000n\000c\000e\000s}{chapter.16}% 146
\BOOKMARK [0][-]{chapter.17}{\376\377\176\323\133\371\177\026\172\013\116\016\124\014\210\114\213\304\133\241}{part.6}% 147
\BOOKMARK [1][-]{section*.237}{\376\377\127\371\213\255}{chapter.17}% 148
\BOOKMARK [2][-]{section*.245}{\376\377\176\323\147\137\213\355}{section*.237}% 149
\BOOKMARK [1][-]{section*.246}{\376\377\226\104\116\366}{chapter.17}% 150
\BOOKMARK [2][-]{section*.247}{\376\377\116\343\170\001\123\357\213\373\140\047\117\213\133\120}{section*.246}% 151
\BOOKMARK [0][-]{chapter.18}{\376\377\217\157\116\366\227\000\154\102}{part.6}% 152
\BOOKMARK [1][-]{section*.248}{\376\377\226\104\116\366}{chapter.18}% 153
\BOOKMARK [2][-]{section*.249}{\376\377\202\361\126\375\161\144\167\377\165\037\116\247\225\356\230\230\166\204\170\024\172\166}{section*.248}% 154
\BOOKMARK [0][-]{chapter.19}{\376\377\133\242\142\067\123\302\116\016}{part.6}% 155
\BOOKMARK [1][-]{section*.250}{\376\377\136\070\211\301\225\356\230\230}{chapter.19}% 156
\BOOKMARK [2][-]{section*.253}{\376\377\213\306\122\053\122\051\166\312\166\370\121\163\200\005}{section*.250}% 157
\BOOKMARK [2][-]{section*.254}{\376\377\165\050\142\067\145\105\116\213\123\141}{section*.250}% 158
\BOOKMARK [2][-]{section*.255}{\376\377\165\050\117\213\116\016\127\072\146\157}{section*.250}% 159
\BOOKMARK [2][-]{section*.256}{\376\377\116\076\117\213}{section*.250}% 160
\BOOKMARK [2][-]{section*.257}{\376\377\176\323\147\137\213\355}{section*.250}% 161
\BOOKMARK [1][-]{section*.258}{\376\377\226\104\116\366}{chapter.19}% 162
\BOOKMARK [2][-]{section*.259}{\376\377\122\051\166\312\166\370\121\163\200\005}{section*.258}% 163
\BOOKMARK [2][-]{section*.262}{\376\377\133\242\142\067\130\360\227\363\377\032\000K\000a\000n\000o\000\040\000D\000i\000a\000g\000r\000a\000m}{section*.258}% 164
\BOOKMARK [1][-]{section*.263}{\376\377\123\302\200\003\000\040\000R\000e\000f\000e\000r\000e\000n\000c\000e\000s}{chapter.19}% 165
\BOOKMARK [0][-]{chapter.20}{\376\377\126\342\226\037\123\117\117\134}{part.6}% 166
\BOOKMARK [1][-]{section*.264}{\376\377\124\004\201\352\215\037\215\043\201\352\135\361\137\000\123\321\166\204\152\041\127\127}{chapter.20}% 167
\BOOKMARK [2][-]{section*.265}{\376\377\126\342\226\037\124\010\117\134}{section*.264}% 168
\BOOKMARK [2][-]{section*.266}{\376\377\143\011\145\366\116\012\116\013\163\355}{section*.264}% 169
\BOOKMARK [2][-]{section*.267}{\376\377\116\300\116\110\133\374\201\364\174\373\176\337\135\051\156\203}{section*.264}% 170
\BOOKMARK [2][-]{section*.268}{\376\377\142\200\147\057\126\342\226\037\166\204\143\001\176\355\140\047}{section*.264}% 171
\BOOKMARK [1][-]{section*.269}{\376\377\226\104\116\366}{chapter.20}% 172
\BOOKMARK [2][-]{section*.270}{\376\377\136\163\210\141\137\303\140\001\000\040\000\050\000C\000o\000g\000n\000i\000t\000i\000v\000e\000\040\000D\000i\000s\000s\000o\000n\000a\000n\000c\000e\000\051}{section*.269}% 173
\BOOKMARK [1][-]{section*.271}{\376\377\123\302\200\003\000\040\000R\000e\000f\000e\000r\000e\000n\000c\000e\000s}{chapter.20}% 174
\BOOKMARK [-1][-]{part.7}{\376\377\000V\000I\000I\000\040\136\246\221\317\116\016\122\006\147\220}{}% 175
\BOOKMARK [0][-]{chapter.21}{\376\377\120\132\225\356\123\167\214\003\147\345}{part.7}% 176
\BOOKMARK [1][-]{section*.272}{\376\377\150\110\117\213\377\032\116\072\147\320\121\150\126\375\137\353\231\020\217\336\225\001\120\132\225\356\123\167\214\003\147\345}{chapter.21}% 177
\BOOKMARK [2][-]{section*.278}{\376\377\176\323\147\137\213\355}{section*.272}% 178
\BOOKMARK [0][-]{chapter.22}{\376\377\145\131\134\017\133\151\176\337\213\241\122\006\147\220}{part.7}% 179
\BOOKMARK [1][-]{section*.279}{\376\377\116\316\200\003\213\325\142\020\176\351\122\060\215\070\146\023\220\006\135\356}{chapter.22}% 180
\BOOKMARK [2][-]{section*.286}{\376\377\122\006\147\220\117\213\133\120\377\032\217\336\176\355\116\016\122\006\176\304\145\160\143\156}{section*.279}% 181
\BOOKMARK [2][-]{section*.289}{\376\377\176\323\147\137\213\355}{section*.279}% 182
\BOOKMARK [1][-]{section*.290}{\376\377\226\104\116\366}{chapter.22}% 183
\BOOKMARK [2][-]{section*.291}{\376\377\131\202\117\125\165\073\203\016\123\366\126\376\000\050\000S\000t\000e\000m\000\040\000a\000n\000d\000\040\000L\000e\000a\000f\000\040\000P\000l\000o\000t\000\051}{section*.290}% 184
\BOOKMARK [2][-]{section*.292}{\376\377\173\261\176\277\126\376\000\040\000\050\000B\000o\000x\000\040\000a\000n\000d\000\040\000W\000h\000i\000s\000k\000e\000r\000\040\000P\000l\000o\000t\000\051}{section*.290}% 185
\BOOKMARK [1][-]{section*.293}{\376\377\123\302\200\003\000R\000e\000f\000e\000r\000e\000n\000c\000e\000s}{chapter.22}% 186
\BOOKMARK [0][-]{chapter.23}{\376\377\120\107\213\276\150\300\232\214}{part.7}% 187
\BOOKMARK [1][-]{section*.294}{\376\377\120\107\213\276\150\300\232\214\166\204\153\145\232\244}{chapter.23}% 188
\BOOKMARK [2][-]{section*.295}{\376\377\150\300\232\214\123\125\116\052\153\143\140\001\140\073\117\123\166\204\127\107\120\074}{section*.294}% 189
\BOOKMARK [2][-]{section*.296}{\376\377\153\324\217\203\116\044\116\052\153\143\140\001\140\073\117\123\166\204\127\107\120\074}{section*.294}% 190
\BOOKMARK [2][-]{section*.297}{\376\377\150\300\232\214\123\125\116\052\153\143\140\001\140\073\117\123\166\204\127\107\120\074\000,\145\271\135\356\147\052\167\345}{section*.294}% 191
\BOOKMARK [2][-]{section*.298}{\376\377\145\271\135\356\122\006\147\220\000\040\000\050\000A\000N\000O\000V\000A\000\040\000t\000e\000s\000t\000\051}{section*.294}% 192
\BOOKMARK [2][-]{section*.302}{\376\377\122\006\176\304\377\010\122\006\174\173\377\011\145\160\143\156}{section*.294}% 193
\BOOKMARK [1][-]{section*.304}{\376\377\226\104\116\366}{chapter.23}% 194
\BOOKMARK [2][-]{section*.305}{\376\377\116\055\137\303\147\201\226\120\133\232\164\006\000\040\000\050\000C\000e\000n\000t\000r\000a\000l\000\040\000L\000i\000m\000i\000t\000\040\000T\000h\000e\000o\000r\000e\000m\000\040\000C\000L\000T\000\051}{section*.304}% 195
\BOOKMARK [2][-]{section*.306}{\376\377\150\300\232\214\123\125\116\052\153\143\140\001\145\164\117\123\127\107\120\074\166\370\121\163\145\271\172\013\137\017}{section*.304}% 196
\BOOKMARK [2][-]{section*.307}{\376\377\153\324\217\203\116\044\116\052\153\143\140\001\140\073\117\123\166\204\127\107\120\074}{section*.304}% 197
\BOOKMARK [2][-]{section*.308}{\376\377\150\300\232\214\123\125\116\052\153\143\140\001\140\073\117\123\166\204\127\107\120\074\000,\145\271\135\356\147\052\167\345}{section*.304}% 198
\BOOKMARK [2][-]{section*.309}{\376\377\000T\000u\000k\000e\000y\000-\000K\000r\000a\000m\000e\000r\000\040\166\370\121\163\145\271\172\013\137\017}{section*.304}% 199
\BOOKMARK [0][-]{chapter.24}{\376\377\143\247\122\066\126\376}{part.7}% 200
\BOOKMARK [1][-]{section*.311}{\376\377\136\372\172\313\127\372\176\277}{chapter.24}% 201
\BOOKMARK [2][-]{section*.312}{\376\377\126\152\227\363\217\330\146\057\117\341\123\367}{section*.311}% 202
\BOOKMARK [2][-]{section*.313}{\376\377\143\247\122\066\126\376\166\204\136\224\165\050}{section*.311}% 203
\BOOKMARK [2][-]{section*.317}{\376\377\176\323\147\137\213\355}{section*.311}% 204
\BOOKMARK [1][-]{section*.318}{\376\377\226\104\116\366}{chapter.24}% 205
\BOOKMARK [2][-]{section*.319}{\376\377\131\202\117\125\165\073\000I\000m\000R\143\247\122\066\126\376}{section*.318}% 206
\BOOKMARK [2][-]{section*.320}{\376\377\124\004\171\315\143\247\122\066\126\376}{section*.318}% 207
\BOOKMARK [2][-]{section*.321}{\376\377\217\307\172\013\200\375\122\233\000\050\000P\000r\000o\000c\000e\000s\000s\000\040\000C\000a\000p\000a\000b\000i\000l\000i\000t\000y\000\051}{section*.318}% 208
\BOOKMARK [2][-]{section*.322}{\376\377\176\306\122\006\117\213\133\120}{section*.318}% 209
\BOOKMARK [1][-]{section*.323}{\376\377\123\302\200\003\000\040\000R\000e\000f\000e\000r\000e\000n\000c\000e\000s}{chapter.24}% 210
\BOOKMARK [-1][-]{part.8}{\376\377\000V\000I\000I\000I\000\040\140\073\176\323}{}% 211
\BOOKMARK [0][-]{chapter.25}{\376\377\122\033\145\260\377\032\116\316\116\052\116\272\122\060\121\154\123\370}{part.8}% 212
\BOOKMARK [1][-]{section*.324}{\376\377\137\025\212\000}{chapter.25}% 213
\BOOKMARK [2][-]{section*.325}{\376\377\0004\0000\0000\136\164\122\115\166\204\221\315\131\047\145\160\133\146\123\321\146\016}{section*.324}% 214
\BOOKMARK [2][-]{section*.326}{\376\377\122\033\145\260\000\040\000C\000r\000e\000a\000t\000i\000v\000i\000t\000y}{section*.324}% 215
\BOOKMARK [2][-]{section*.327}{\376\377\123\237\122\033\174\276\171\136\000\040\000S\000p\000i\000r\000i\000t\000\040\000o\000f\000\040\000C\000r\000e\000a\000t\000i\000n\000g\000\040}{section*.324}% 216
\BOOKMARK [2][-]{section*.328}{\376\377\121\154\123\370\131\202\117\125\122\033\145\260}{section*.324}% 217
\BOOKMARK [2][-]{section*.329}{\376\377\227\363\116\120\144\255\145\076\126\150}{section*.324}% 218
\BOOKMARK [2][-]{section*.330}{\376\377\000i\000T\000u\000n\000e\000s\000\040\177\121\116\012\125\106\136\227}{section*.324}% 219
\BOOKMARK [2][-]{section*.331}{\376\377\116\007\116\213\215\167\131\064\226\276}{section*.324}% 220
\BOOKMARK [2][-]{section*.332}{\376\377\116\316\157\322\116\064\170\064\116\247\123\330\116\072\126\336\142\245\147\000\131\175\166\204\142\225\215\104}{section*.324}% 221
\BOOKMARK [2][-]{section*.333}{\376\377\121\154\123\370\122\033\145\260\142\020\122\237\211\201\175\040}{section*.324}% 222
\BOOKMARK [2][-]{section*.340}{\376\377\176\323\147\137\213\355}{section*.324}% 223
\BOOKMARK [2][-]{section*.341}{\376\377\116\052\116\272\176\317\232\214\145\131\213\255}{section*.324}% 224
\BOOKMARK [1][-]{section*.342}{\376\377\226\104\116\366}{chapter.25}% 225
\BOOKMARK [2][-]{section*.343}{\376\377\000P\000i\000x\000a\000r\000\040\122\066\117\134\173\054\116\000\220\350\165\065\201\021\122\250\157\053\377\032\163\251\121\167\140\073\122\250\124\130\000\050\000T\000o\000y\000\040\000S\000t\000o\000r\000y\000\051}{section*.342}% 226
\BOOKMARK [1][-]{section*.344}{\376\377\123\302\200\003\000\040\000R\000e\000f\000e\000r\000e\000n\000c\000e\000s}{chapter.25}% 227
\BOOKMARK [0][-]{chapter.26}{\376\377\123\027\116\254\142\113\213\260}{part.8}% 228
\BOOKMARK [1][-]{section*.348}{\376\377\122\033\145\260\147\145\156\220\116\216\165\037\155\073}{chapter.26}% 229
\BOOKMARK [0][-]{chapter.27}{\376\377\150\071\116\016\177\374}{part.8}% 230
\BOOKMARK [1][-]{section*.350}{\376\377\150\071}{chapter.27}% 231
\BOOKMARK [2][-]{section*.351}{\376\377\177\374}{section*.350}% 232
\BOOKMARK [2][-]{section*.354}{\376\377\121\161\220\032\160\271}{section*.350}% 233
\BOOKMARK [2][-]{section*.355}{\376\377\000T\000E\000D\157\024\213\262\137\017\140\073\176\323}{section*.350}% 234
\BOOKMARK [1][-]{section*.356}{\376\377\123\302\200\003\000\040\000R\000e\000f\000e\000r\000e\000n\000c\000e\000s}{chapter.27}% 235
\BOOKMARK [-1][-]{part.9}{\376\377\000I\000X\000\040\226\104\137\125}{}% 236
\BOOKMARK [0][-]{chapter.28}{\376\377\000A\000:\176\305\130\353\117\361\116\120\220\350\217\307\172\013\145\071\217\333}{part.9}% 237
\BOOKMARK [1][-]{section*.364}{\376\377\123\302\200\003\000\040\000R\000e\000f\000e\000r\000e\000n\000c\000e\000s}{chapter.28}% 238
\BOOKMARK [0][-]{chapter.29}{\376\377\000B\000:\122\006\147\220\217\355\116\343\133\242\142\067\156\341\141\017\136\246\214\003\147\345\145\160\143\156}{part.9}% 239
\BOOKMARK [1][-]{section*.365}{\376\377\150\110\117\213\200\314\146\157}{chapter.29}% 240
\BOOKMARK [2][-]{section*.366}{\376\377\217\355\116\343\145\160\143\156}{section*.365}% 241
\BOOKMARK [2][-]{section*.367}{\376\377\145\160\143\156\122\006\147\220}{section*.365}% 242
\BOOKMARK [2][-]{section*.368}{\376\377\145\071\217\333\143\252\145\275}{section*.365}% 243
\BOOKMARK [2][-]{section*.369}{\376\377\145\071\217\333\145\110\147\234}{section*.365}% 244
