\BOOKMARK [1][-]{section*.6}{\376\377\122\115\212\000\000\040\000P\000r\000o\000l\000o\000g\000u\000e}{}% 1
\BOOKMARK [-1][-]{part.1}{\376\377\000I\000\040\150\110\117\213\122\006\147\220}{}% 2
\BOOKMARK [0][-]{chapter.1}{\376\377\131\202\117\125\145\071\125\204}{part.1}% 3
\BOOKMARK [1][-]{section*.7}{\376\377\145\117\143\167\137\000\123\321\217\307\172\013\145\071\217\333\150\110\117\213}{chapter.1}% 4
\BOOKMARK [2][-]{section*.13}{\376\377\131\202\117\125\145\071\125\204}{section*.7}% 5
\BOOKMARK [2][-]{section*.14}{\376\377\173\054\116\000\130\002\213\376}{section*.7}% 6
\BOOKMARK [2][-]{section*.15}{\376\377\116\060\165\060\145\105\116\213}{section*.7}% 7
\BOOKMARK [2][-]{section*.17}{\376\377\154\064\227\142\116\013\166\204\173\241\164\006\140\035\215\357}{section*.7}% 8
\BOOKMARK [2][-]{section*.26}{\376\377\145\071\125\204\215\050\221\317}{section*.7}% 9
\BOOKMARK [2][-]{section*.27}{\376\377\176\323\147\137\213\355}{section*.7}% 10
\BOOKMARK [1][-]{section*.28}{\376\377\226\104\116\366}{chapter.1}% 11
\BOOKMARK [2][-]{section*.29}{\376\377\163\260\116\343\154\175\217\146\165\037\116\247}{section*.28}% 12
\BOOKMARK [2][-]{section*.30}{\376\377\000`\000`\000\040\0005\000\040\000W\000h\000y\000\040\000'\000'\133\236\117\213}{section*.28}% 13
\BOOKMARK [2][-]{section*.31}{\376\377\0005\000S\154\325}{section*.28}% 14
\BOOKMARK [-1][-]{part.2}{\376\377\000I\000I\000\040\126\342\226\037\116\016\201\352\142\021\145\071\125\204\127\372\147\054\122\237}{}% 15
\BOOKMARK [0][-]{chapter.2}{\376\377\145\071\217\333\116\316\126\342\226\037\137\000\131\313}{part.2}% 16
\BOOKMARK [1][-]{section*.32}{\376\377\177\216\126\375\215\071\127\316\000W\000e\000i\000s\000b\000o\000r\000d\145\105\116\213}{chapter.2}% 17
\BOOKMARK [2][-]{section*.33}{\376\377\131\004\127\050\000X\140\035\176\364\166\204\116\073\173\241}{section*.32}% 18
\BOOKMARK [2][-]{section*.36}{\376\377\124\057\123\321}{section*.32}% 19
\BOOKMARK [2][-]{section*.37}{\376\377\202\254\121\160\213\241\122\022}{section*.32}% 20
\BOOKMARK [1][-]{section*.49}{\376\377\123\302\200\003\000\040\000R\000e\000f\000e\000r\000e\000n\000c\000e\000s}{chapter.2}% 21
\BOOKMARK [0][-]{chapter.3}{\376\377\121\113\147\015\142\326\136\366\165\307}{part.2}% 22
\BOOKMARK [1][-]{section*.60}{\376\377\176\323\147\137\213\355}{chapter.3}% 23
\BOOKMARK [1][-]{section*.61}{\376\377\226\104\116\366}{chapter.3}% 24
\BOOKMARK [2][-]{section*.62}{\376\377\225\073\160\274\116\113\220\123\000\040\000T\000h\000e\000\040\000T\000r\000u\000t\000h\000\040\000a\000b\000o\000u\000t\000\040\000E\000X\000E\000R\000C\000I\000S\000E}{section*.61}% 25
\BOOKMARK [1][-]{section*.63}{\376\377\123\302\200\003\000\040\000R\000e\000f\000e\000r\000e\000n\000c\000e\000s}{chapter.3}% 26
\BOOKMARK [-1][-]{part.3}{\376\377\000I\000I\000I\000\040\201\352\142\021\173\241\164\006\137\000\123\321\217\307\172\013}{}% 27
\BOOKMARK [0][-]{chapter.4}{\376\377\116\011\160\271\117\060\173\227}{part.3}% 28
\BOOKMARK [1][-]{section*.64}{\376\377\117\060\173\227\146\057\116\000\116\052\203\003\126\364\377\014\116\015\146\057\116\000\116\052\145\160}{chapter.4}% 29
\BOOKMARK [2][-]{section*.65}{\376\377\116\316\123\125\160\271\122\060\116\011\160\271\117\060\173\227}{section*.64}% 30
\BOOKMARK [2][-]{section*.66}{\376\377\140\073\176\323\000\040\000+\000\040\211\343\213\373\122\006\147\220\176\323\147\234}{section*.64}% 31
\BOOKMARK [2][-]{section*.67}{\376\377\122\051\165\050\204\231\162\171\123\141\155\033\152\041\142\337\0001\0000\116\052\153\145\232\244\377\010\116\011\211\322\137\142\122\006\136\003\377\011\166\204\140\073\122\006\136\003}{section*.64}% 32
\BOOKMARK [2][-]{section*.68}{\376\377\122\006\147\220\0001\0000\116\052\153\145\232\244\152\041\142\337\176\323\147\234}{section*.64}% 33
\BOOKMARK [2][-]{section*.69}{\376\377\225\356\173\124\000\040\000Q\000\046\000A}{section*.64}% 34
\BOOKMARK [1][-]{section*.70}{\376\377\226\104\116\366}{chapter.4}% 35
\BOOKMARK [2][-]{section*.71}{\376\377\204\231\162\171\123\141\155\033\000\050\000M\000o\000n\000t\000e\000\040\000C\000a\000r\000l\000o\000\051\000\040\152\041\142\337}{section*.70}% 36
\BOOKMARK [0][-]{chapter.5}{\376\377\221\317\123\026\173\241\164\006\116\316\116\052\116\272\137\000\131\313}{part.3}% 37
\BOOKMARK [1][-]{section*.72}{\376\377\131\202\117\125\226\115\117\116\230\171\166\356\217\333\136\246\120\117\135\356}{chapter.5}% 38
\BOOKMARK [2][-]{section*.73}{\376\377\116\316\221\317\123\026\127\371\213\255\137\000\131\313}{section*.72}% 39
\BOOKMARK [2][-]{section*.74}{\376\377\116\316\117\060\173\227\060\001\173\126\122\022\122\060\166\321\143\247}{section*.72}% 40
\BOOKMARK [2][-]{section*.75}{\376\377\131\202\117\125\145\071\125\204}{section*.72}% 41
\BOOKMARK [1][-]{section*.76}{\376\377\226\104\116\366}{chapter.5}% 42
\BOOKMARK [2][-]{section*.77}{\376\377\143\043\120\074\122\006\147\220\154\325\377\010\000E\000a\000r\000n\000e\000d\000\040\000V\000a\000l\000u\000e\377\011}{section*.76}% 43
\BOOKMARK [2][-]{section*.78}{\376\377\131\202\117\125\173\200\123\125\213\260\137\125\135\345\145\366}{section*.76}% 44
\BOOKMARK [2][-]{section*.79}{\376\377\116\052\116\272\217\157\116\366\217\307\172\013\000\040\000P\000e\000r\000s\000o\000n\000a\000l\000\040\000S\000o\000f\000t\000w\000a\000r\000e\000\040\000P\000r\000o\000c\000e\000s\000s\377\010\000P\000S\000P\377\011\000\040\173\200\116\313}{section*.76}% 45
\BOOKMARK [2][-]{section*.85}{\376\377\117\177\165\050\143\043\120\074\122\006\147\220\166\321\143\247\150\110\117\213}{section*.76}% 46
\BOOKMARK [1][-]{section*.87}{\376\377\123\302\200\003\000R\000e\000f\000e\000r\000e\000n\000c\000e\000s}{chapter.5}% 47
\BOOKMARK [0][-]{chapter.6}{\376\377\117\060\173\227\217\157\116\366\211\304\152\041}{part.3}% 48
\BOOKMARK [1][-]{section*.88}{\376\377\116\072\116\300\116\110\211\201\117\060\173\227\211\304\152\041}{chapter.6}% 49
\BOOKMARK [2][-]{section*.89}{\376\377\116\072\116\300\116\110\116\015\136\224\165\050\116\343\170\001\210\114\145\160\000\050\000L\000O\000C\000\051}{section*.88}% 50
\BOOKMARK [2][-]{section*.92}{\376\377\140\016\150\067\117\060\173\227\173\200\123\026\122\237\200\375\160\271\000\050\000S\000i\000F\000P\000\051}{section*.88}% 51
\BOOKMARK [2][-]{section*.93}{\376\377\116\316\145\105\116\213\160\271\217\154\173\200\123\026\122\237\200\375\160\271}{section*.88}% 52
\BOOKMARK [1][-]{section*.95}{\376\377\226\104\116\366}{chapter.6}% 53
\BOOKMARK [2][-]{section*.96}{\376\377\173\200\123\026\122\237\200\375\160\271\000\050\000S\000i\000F\000P\000\051\000\040\173\200\116\313}{section*.95}% 54
\BOOKMARK [2][-]{section*.108}{\376\377\220\073\217\221\145\207\116\366\000\040\000\050\000L\000o\000g\000i\000c\000a\000l\000\040\000F\000i\000l\000e\000\051}{section*.95}% 55
\BOOKMARK [2][-]{section*.109}{\376\377\127\372\147\054\217\307\172\013\000\040\000\050\000E\000l\000e\000m\000e\000n\000t\000a\000r\000y\000\040\000P\000r\000o\000c\000e\000s\000s\000\040\000E\000P\000\051}{section*.95}% 56
\BOOKMARK [2][-]{section*.112}{\376\377\133\236\117\213\377\032\213\306\122\053\127\372\147\054\217\307\172\013\000\040\000\050\000E\000P\000\051}{section*.95}% 57
\BOOKMARK [2][-]{section*.116}{\376\377\150\110\117\213\000A\000:\137\000\123\321\000\050\000D\000e\000v\000e\000l\000o\000p\000m\000e\000n\000t\000\051\230\171\166\356}{section*.95}% 58
\BOOKMARK [2][-]{section*.117}{\376\377\173\124\150\110\116\016\211\343\213\373}{section*.95}% 59
\BOOKMARK [2][-]{section*.118}{\376\377\150\110\117\213\000B\000:\117\030\123\026\176\364\142\244\377\010\000F\000E\000M\377\011\230\171\166\356}{section*.95}% 60
\BOOKMARK [2][-]{section*.119}{\376\377\173\124\150\110\116\016\211\343\213\373}{section*.95}% 61
\BOOKMARK [2][-]{section*.120}{\376\377\116\016\126\375\226\105\122\237\200\375\160\271\000\050\000I\000F\000P\000U\000G\000\051\166\204\120\117\135\356}{section*.95}% 62
\BOOKMARK [1][-]{section*.121}{\376\377\123\302\200\003\000R\000e\000f\000e\000r\000e\000n\000c\000e\000s}{chapter.6}% 63
\BOOKMARK [0][-]{chapter.7}{\376\377\173\126\122\022\116\016\166\321\143\247}{part.3}% 64
\BOOKMARK [1][-]{section*.127}{\376\377\131\202\117\125\173\241\164\006\153\317\217\156\166\204\155\073\122\250\117\235\215\126\124\214\116\272\142\113\122\006\221\115}{chapter.7}% 65
\BOOKMARK [2][-]{section*.129}{\376\377\140\073\176\323}{section*.127}% 66
\BOOKMARK [1][-]{section*.130}{\376\377\226\104\116\366}{chapter.7}% 67
\BOOKMARK [2][-]{section*.131}{\376\377\230\171\166\356\151\202\211\310\000\040\000P\000O\000S\000\040\152\041\147\177}{section*.130}% 68
\BOOKMARK [1][-]{section*.137}{\376\377\123\302\200\003\000R\000e\000f\000e\000r\000e\000n\000c\000e\000s}{chapter.7}% 69
\BOOKMARK [-1][-]{part.4}{\376\377\000I\000V\000\040\137\000\131\313\217\307\172\013\145\071\217\333\116\113\145\305}{}% 70
\BOOKMARK [0][-]{chapter.8}{\376\377\203\267\123\326\232\330\134\102\145\057\143\001}{part.4}% 71
\BOOKMARK [1][-]{section*.138}{\376\377\150\110\117\213}{chapter.8}% 72
\BOOKMARK [2][-]{section*.139}{\376\377\173\054\116\000\162\110\145\271\150\110\116\146}{section*.138}% 73
\BOOKMARK [2][-]{section*.140}{\376\377\173\054\116\214\162\110\116\016\116\055\134\102\170\156\213\244\377\014\000\040\161\066\124\016\124\021\232\330\134\102\154\107\142\245}{section*.138}% 74
\BOOKMARK [0][-]{chapter.9}{\376\377\133\373\142\176\145\071\217\333\147\072\117\032}{part.4}% 75
\BOOKMARK [1][-]{section*.143}{\376\377\170\064\121\260\000\040\000-\000\040\123\330\227\151\000\040\000-\000\040\172\063\133\232}{chapter.9}% 76
\BOOKMARK [2][-]{section*.145}{\376\377\142\020\122\237\211\201\175\040}{section*.143}% 77
\BOOKMARK [2][-]{section*.149}{\376\377\000A\121\154\123\370\217\307\172\013\145\071\217\333\116\113\145\305}{section*.143}% 78
\BOOKMARK [2][-]{section*.151}{\376\377\126\336\230\176\217\333\134\125\177\023\141\142\166\204\123\237\126\340}{section*.143}% 79
\BOOKMARK [2][-]{section*.152}{\376\377\131\202\117\125\200\375\122\240\137\353\170\064\121\260}{section*.143}% 80
\BOOKMARK [1][-]{section*.158}{\376\377\124\016\213\260}{chapter.9}% 81
\BOOKMARK [1][-]{section*.160}{\376\377\226\104\116\366}{chapter.9}% 82
\BOOKMARK [2][-]{section*.161}{\376\377\167\141\210\143\135\345\123\202\133\236\232\214\000\040\000H\000a\000r\000w\000o\000o\000d\000\040\000M\000a\000n\000u\000f\000a\000c\000t\000u\000r\000i\000n\000g}{section*.160}% 83
\BOOKMARK [2][-]{section*.162}{\376\377\174\256\230\337\122\006\221\115\133\236\232\214}{section*.160}% 84
\BOOKMARK [2][-]{section*.163}{\376\377\116\222\122\250\135\345\117\134\127\112\000\050\000w\000o\000r\000k\000s\000h\000o\000p\000\051}{section*.160}% 85
\BOOKMARK [1][-]{section*.167}{\376\377\123\302\200\003\000\040\000R\000e\000f\000e\000r\000e\000n\000c\000e\000s}{chapter.9}% 86
\BOOKMARK [-1][-]{part.5}{\376\377\000V\000\040\131\202\117\125\120\132\131\175\217\355\116\343\126\336\230\176}{}% 87
\BOOKMARK [0][-]{chapter.10}{\376\377\116\214\121\153\123\237\122\031}{part.5}% 88
\BOOKMARK [1][-]{section*.168}{\376\377\140\016\150\067\137\000\131\313}{chapter.10}% 89
\BOOKMARK [1][-]{section*.169}{\376\377\226\104\116\366}{chapter.10}% 90
\BOOKMARK [2][-]{section*.170}{\376\377\116\214\121\153\123\237\122\031\000\050\0008\0000\000/\0002\0000\000\051}{section*.169}% 91
\BOOKMARK [2][-]{section*.171}{\376\377\137\000\123\321\230\171\166\356\135\345\117\134\221\317\377\010\142\020\147\054\377\011\122\006\136\003}{section*.169}% 92
\BOOKMARK [2][-]{section*.172}{\376\377\121\154\123\370\232\330\134\102\116\015\116\000\133\232\121\163\154\350\215\050\221\317}{section*.169}% 93
\BOOKMARK [0][-]{chapter.11}{\376\377\122\006\147\220\150\071\126\340}{part.5}% 94
\BOOKMARK [1][-]{section*.173}{\376\377\150\071\126\340\122\006\147\220\166\204\213\357\211\343}{chapter.11}% 95
\BOOKMARK [1][-]{section*.174}{\376\377\143\011\126\342\226\037\154\064\136\163\126\340\142\115\145\275\145\131}{chapter.11}% 96
\BOOKMARK [2][-]{section*.175}{\376\377\236\304\136\046\154\064\136\163}{section*.174}% 97
\BOOKMARK [2][-]{section*.176}{\376\377\176\377\136\046\154\064\136\163}{section*.174}% 98
\BOOKMARK [2][-]{section*.178}{\376\377\131\202\117\125\122\006\147\220\116\016\133\371\136\224\124\004\174\173\165\061\116\216\116\272\124\130\137\025\215\167\166\204\177\072\226\167}{section*.174}% 99
\BOOKMARK [2][-]{section*.179}{\376\377\140\073\176\323}{section*.174}% 100
\BOOKMARK [1][-]{section*.180}{\376\377\226\104\116\366}{chapter.11}% 101
\BOOKMARK [2][-]{section*.181}{\376\377\147\072\127\072\136\366\213\357\145\160\143\156\122\006\147\220}{section*.180}% 102
\BOOKMARK [2][-]{section*.182}{\376\377\000F\000M\000E\000A\000\040\133\236\117\213}{section*.180}% 103
\BOOKMARK [0][-]{chapter.12}{\376\377\217\157\170\154\121\174\145\275}{part.5}% 104
\BOOKMARK [1][-]{section*.184}{\376\377\126\336\230\176\155\101\172\013}{chapter.12}% 105
\BOOKMARK [2][-]{section*.187}{\376\377\121\205\220\350\145\131\176\303\131\202\117\125\120\132\131\175\163\260\127\072\217\205\133\374}{section*.184}% 106
\BOOKMARK [2][-]{section*.188}{\376\377\126\342\226\037\217\355\116\343\126\336\230\176\150\071\126\340\122\006\147\220\136\070\211\301\225\356\230\230}{section*.184}% 107
\BOOKMARK [1][-]{section*.189}{\376\377\226\104\116\366}{chapter.12}% 108
\BOOKMARK [2][-]{section*.190}{\376\377\000A\000s\000c\000h\000\040\0001\0009\0005\0001\000\040\177\244\117\027\123\213\122\233\133\236\232\214}{section*.189}% 109
\BOOKMARK [2][-]{section*.191}{\376\377\000B\000r\000e\000h\000m\000\040\0001\0009\0005\0006\000\040\121\263\173\126\137\161\124\315\133\236\232\214}{section*.189}% 110
\BOOKMARK [2][-]{section*.192}{\376\377\000K\000J\122\006\147\220\145\271\154\325\153\145\232\244}{section*.189}% 111
\BOOKMARK [2][-]{section*.194}{\376\377\156\070\142\017\000:\136\224\116\016\124\046}{section*.189}% 112
\BOOKMARK [2][-]{section*.200}{\376\377\122\237\200\375\140\047\122\006\176\304\136\056\122\251\126\342\226\037\142\020\225\177\133\236\117\213}{section*.189}% 113
\BOOKMARK [2][-]{section*.201}{\376\377\145\117\143\167\126\336\230\176\116\222\122\250\176\303\116\140\0001\000:\145\366\225\364\210\150\000\040\000\050\000T\000i\000m\000e\000l\000i\000n\000e\000\051}{section*.189}% 114
\BOOKMARK [2][-]{section*.205}{\376\377\145\117\143\167\126\336\230\176\116\222\122\250\176\303\116\140\0002\000:\000\040\230\234\202\162\160\271\000\040\000\050\000C\000o\000l\000o\000r\000\040\000C\000o\000d\000e\000\040\000D\000o\000t\000s\000\051}{section*.189}% 115
\BOOKMARK [0][-]{chapter.13}{\376\377\116\316\126\342\226\037\133\236\232\214\122\060\143\001\176\355\145\071\125\204}{part.5}% 116
\BOOKMARK [1][-]{section*.209}{\376\377\145\066\226\306\124\352\116\233\145\160\143\156}{chapter.13}% 117
\BOOKMARK [2][-]{section*.211}{\376\377\177\072\226\167\143\222\226\144\163\207}{section*.209}% 118
\BOOKMARK [2][-]{section*.212}{\376\377\177\072\226\167\143\222\226\144\230\204\155\113\152\041\127\213\133\236\117\213}{section*.209}% 119
\BOOKMARK [1][-]{section*.213}{\376\377\140\016\150\067\137\000\131\313}{chapter.13}% 120
\BOOKMARK [2][-]{section*.214}{\376\377\131\202\117\125\200\375\173\200\123\125\147\011\145\110\127\060\145\066\226\306\177\026\170\001\177\072\226\167\116\016\217\324\135\345\135\345\117\134\221\317\145\160\143\156}{section*.213}% 121
\BOOKMARK [2][-]{section*.215}{\376\377\116\316\217\355\116\343\131\015\166\330\122\060\143\001\176\355\145\071\217\333}{section*.213}% 122
\BOOKMARK [2][-]{section*.216}{\376\377\140\073\176\323}{section*.213}% 123
\BOOKMARK [1][-]{section*.217}{\376\377\226\104\116\366}{chapter.13}% 124
\BOOKMARK [1][-]{section*.218}{\376\377\123\302\200\003\000\040\000R\000e\000f\000e\000r\000e\000n\000c\000e}{chapter.13}% 125
\BOOKMARK [-1][-]{part.6}{\376\377\000V\000I\000\040\116\343\170\001\215\050\221\317\145\071\217\333\166\204\127\372\170\100}{}% 126
\BOOKMARK [0][-]{chapter.14}{\376\377\155\113\213\325\232\161\122\250\137\000\123\321}{part.6}% 127
\BOOKMARK [1][-]{section*.219}{\376\377\116\072\116\300\116\110\142\021\116\354\211\201\155\113\213\325\232\161\122\250\137\000\123\321}{chapter.14}% 128
\BOOKMARK [2][-]{section*.220}{\376\377\153\317\134\017\153\145\232\214\213\301}{section*.219}% 129
\BOOKMARK [2][-]{section*.221}{\376\377\165\050\000T\000D\000D\137\000\123\321\172\013\136\217}{section*.219}% 130
\BOOKMARK [2][-]{section*.223}{\376\377\123\125\121\103\155\113\213\325\116\016\000T\000D\000D\166\204\131\175\131\004}{section*.219}% 131
\BOOKMARK [2][-]{section*.224}{\376\377\176\323\147\137\213\355}{section*.219}% 132
\BOOKMARK [1][-]{section*.225}{\376\377\226\104\116\366}{chapter.14}% 133
\BOOKMARK [2][-]{section*.226}{\376\377\116\316\000\040\000M\000I\000T\000\040\000O\000C\000W\000\040\133\146\121\231\172\013\136\217}{section*.225}% 134
\BOOKMARK [0][-]{chapter.15}{\376\377\116\343\170\001\221\315\147\204}{part.6}% 135
\BOOKMARK [1][-]{section*.231}{\376\377\131\202\117\125\133\146\131\175\000S\000O\000L\000I\000D\377\014\142\123\131\175\127\372\170\100\120\132\221\315\147\204}{chapter.15}% 136
\BOOKMARK [2][-]{section*.232}{\376\377\131\202\117\125\143\320\123\107\133\146\124\130\166\204\121\164\215\243\116\016\122\250\122\233}{section*.231}% 137
\BOOKMARK [2][-]{section*.233}{\376\377\116\300\116\110\145\366\120\031\120\132\221\315\147\204}{section*.231}% 138
\BOOKMARK [2][-]{section*.234}{\376\377\116\343\170\001\211\304\203\003}{section*.231}% 139
\BOOKMARK [2][-]{section*.235}{\376\377\143\001\176\355\226\306\142\020}{section*.231}% 140
\BOOKMARK [1][-]{section*.236}{\376\377\226\104\116\366}{chapter.15}% 141
\BOOKMARK [2][-]{section*.237}{\376\377\134\017\133\151\122\051\165\050\116\114\237\237\163\251\121\340\117\125\156\070\142\017\000\050\000T\000u\000r\000t\000l\000e\000\040\000G\000e\000o\000m\000e\000t\000r\000y\000\051\166\204\117\213\133\120}{section*.236}% 142
\BOOKMARK [2][-]{section*.238}{\376\377\156\051\117\057\150\074\166\204\145\131\133\146\133\236\232\214}{section*.236}% 143
\BOOKMARK [1][-]{section*.239}{\376\377\123\302\200\003\000\040\000R\000e\000f\000e\000r\000e\000n\000c\000e\000s}{chapter.15}% 144
\BOOKMARK [0][-]{chapter.16}{\376\377\143\001\176\355\226\306\142\020}{part.6}% 145
\BOOKMARK [1][-]{section*.240}{\376\377\232\214\145\066\155\113\213\325}{chapter.16}% 146
\BOOKMARK [2][-]{section*.243}{\376\377\155\113\213\325\201\352\122\250\123\026}{section*.240}% 147
\BOOKMARK [2][-]{section*.244}{\376\377\143\001\176\355\226\306\142\020}{section*.240}% 148
\BOOKMARK [2][-]{section*.245}{\376\377\126\342\226\037\123\117\117\134}{section*.240}% 149
\BOOKMARK [2][-]{section*.248}{\376\377\143\001\176\355\116\244\116\330}{section*.240}% 150
\BOOKMARK [1][-]{section*.249}{\376\377\226\104\116\366}{chapter.16}% 151
\BOOKMARK [2][-]{section*.250}{\376\377\143\001\176\355\226\306\142\020}{section*.249}% 152
\BOOKMARK [2][-]{section*.251}{\376\377\142\200\147\057\120\072\122\241\117\213\133\120}{section*.249}% 153
\BOOKMARK [1][-]{section*.252}{\376\377\123\302\200\003\000\040\000R\000e\000f\000e\000r\000e\000n\000c\000e\000s}{chapter.16}% 154
\BOOKMARK [0][-]{chapter.17}{\376\377\176\323\133\371\177\026\172\013\116\016\124\014\210\114\213\304\133\241}{part.6}% 155
\BOOKMARK [1][-]{section*.253}{\376\377\127\371\213\255}{chapter.17}% 156
\BOOKMARK [2][-]{section*.261}{\376\377\176\323\147\137\213\355}{section*.253}% 157
\BOOKMARK [1][-]{section*.262}{\376\377\226\104\116\366}{chapter.17}% 158
\BOOKMARK [2][-]{section*.263}{\376\377\116\343\170\001\123\357\213\373\140\047\117\213\133\120}{section*.262}% 159
\BOOKMARK [0][-]{chapter.18}{\376\377\217\157\116\366\227\000\154\102}{part.6}% 160
\BOOKMARK [1][-]{section*.264}{\376\377\226\104\116\366}{chapter.18}% 161
\BOOKMARK [2][-]{section*.265}{\376\377\202\361\126\375\161\144\167\377\165\037\116\247\225\356\230\230\166\204\170\024\172\166}{section*.264}% 162
\BOOKMARK [0][-]{chapter.19}{\376\377\133\242\142\067\123\302\116\016}{part.6}% 163
\BOOKMARK [1][-]{section*.266}{\376\377\136\070\211\301\225\356\230\230}{chapter.19}% 164
\BOOKMARK [2][-]{section*.269}{\376\377\213\306\122\053\122\051\166\312\166\370\121\163\200\005}{section*.266}% 165
\BOOKMARK [2][-]{section*.270}{\376\377\165\050\142\067\145\105\116\213\123\141}{section*.266}% 166
\BOOKMARK [2][-]{section*.271}{\376\377\165\050\117\213\116\016\127\072\146\157}{section*.266}% 167
\BOOKMARK [2][-]{section*.272}{\376\377\116\076\117\213}{section*.266}% 168
\BOOKMARK [2][-]{section*.273}{\376\377\176\323\147\137\213\355}{section*.266}% 169
\BOOKMARK [1][-]{section*.274}{\376\377\226\104\116\366}{chapter.19}% 170
\BOOKMARK [2][-]{section*.275}{\376\377\122\051\166\312\166\370\121\163\200\005}{section*.274}% 171
\BOOKMARK [2][-]{section*.278}{\376\377\133\242\142\067\130\360\227\363\377\032\000K\000a\000n\000o\000\040\000D\000i\000a\000g\000r\000a\000m}{section*.274}% 172
\BOOKMARK [1][-]{section*.279}{\376\377\123\302\200\003\000\040\000R\000e\000f\000e\000r\000e\000n\000c\000e\000s}{chapter.19}% 173
\BOOKMARK [0][-]{chapter.20}{\376\377\126\342\226\037\123\117\117\134}{part.6}% 174
\BOOKMARK [1][-]{section*.280}{\376\377\124\004\201\352\215\037\215\043\201\352\135\361\137\000\123\321\166\204\152\041\127\127}{chapter.20}% 175
\BOOKMARK [2][-]{section*.281}{\376\377\126\342\226\037\124\010\117\134}{section*.280}% 176
\BOOKMARK [2][-]{section*.282}{\376\377\143\011\145\366\116\012\116\013\163\355}{section*.280}% 177
\BOOKMARK [2][-]{section*.283}{\376\377\116\300\116\110\133\374\201\364\174\373\176\337\135\051\156\203}{section*.280}% 178
\BOOKMARK [2][-]{section*.284}{\376\377\142\200\147\057\126\342\226\037\166\204\143\001\176\355\140\047}{section*.280}% 179
\BOOKMARK [1][-]{section*.285}{\376\377\226\104\116\366}{chapter.20}% 180
\BOOKMARK [2][-]{section*.286}{\376\377\136\163\210\141\137\303\140\001\000\040\000\050\000C\000o\000g\000n\000i\000t\000i\000v\000e\000\040\000D\000i\000s\000s\000o\000n\000a\000n\000c\000e\000\051}{section*.285}% 181
\BOOKMARK [1][-]{section*.287}{\376\377\123\302\200\003\000\040\000R\000e\000f\000e\000r\000e\000n\000c\000e\000s}{chapter.20}% 182
\BOOKMARK [-1][-]{part.7}{\376\377\000V\000I\000I\000\040\136\246\221\317\116\016\122\006\147\220}{}% 183
\BOOKMARK [0][-]{chapter.21}{\376\377\120\132\225\356\123\167\214\003\147\345}{part.7}% 184
\BOOKMARK [1][-]{section*.288}{\376\377\150\110\117\213\377\032\116\072\147\320\121\150\126\375\137\353\231\020\217\336\225\001\120\132\225\356\123\167\214\003\147\345}{chapter.21}% 185
\BOOKMARK [2][-]{section*.294}{\376\377\176\323\147\137\213\355}{section*.288}% 186
\BOOKMARK [0][-]{chapter.22}{\376\377\145\131\134\017\133\151\176\337\213\241\122\006\147\220}{part.7}% 187
\BOOKMARK [1][-]{section*.295}{\376\377\116\316\200\003\213\325\142\020\176\351\122\060\215\070\146\023\220\006\135\356}{chapter.22}% 188
\BOOKMARK [2][-]{section*.302}{\376\377\122\006\147\220\117\213\133\120\377\032\217\336\176\355\116\016\122\006\176\304\145\160\143\156}{section*.295}% 189
\BOOKMARK [2][-]{section*.305}{\376\377\176\323\147\137\213\355}{section*.295}% 190
\BOOKMARK [1][-]{section*.306}{\376\377\226\104\116\366}{chapter.22}% 191
\BOOKMARK [2][-]{section*.307}{\376\377\131\202\117\125\165\073\203\016\123\366\126\376\000\050\000S\000t\000e\000m\000\040\000a\000n\000d\000\040\000L\000e\000a\000f\000\040\000P\000l\000o\000t\000\051}{section*.306}% 192
\BOOKMARK [2][-]{section*.308}{\376\377\173\261\176\277\126\376\000\040\000\050\000B\000o\000x\000\040\000a\000n\000d\000\040\000W\000h\000i\000s\000k\000e\000r\000\040\000P\000l\000o\000t\000\051}{section*.306}% 193
\BOOKMARK [1][-]{section*.309}{\376\377\123\302\200\003\000R\000e\000f\000e\000r\000e\000n\000c\000e\000s}{chapter.22}% 194
\BOOKMARK [0][-]{chapter.23}{\376\377\120\107\213\276\150\300\232\214}{part.7}% 195
\BOOKMARK [1][-]{section*.310}{\376\377\120\107\213\276\150\300\232\214\166\204\153\145\232\244}{chapter.23}% 196
\BOOKMARK [2][-]{section*.311}{\376\377\150\300\232\214\123\125\116\052\153\143\140\001\140\073\117\123\166\204\127\107\120\074}{section*.310}% 197
\BOOKMARK [2][-]{section*.312}{\376\377\153\324\217\203\116\044\116\052\153\143\140\001\140\073\117\123\166\204\127\107\120\074}{section*.310}% 198
\BOOKMARK [2][-]{section*.313}{\376\377\150\300\232\214\123\125\116\052\153\143\140\001\140\073\117\123\166\204\127\107\120\074\000,\145\271\135\356\147\052\167\345}{section*.310}% 199
\BOOKMARK [2][-]{section*.314}{\376\377\145\271\135\356\122\006\147\220\000\040\000\050\000A\000N\000O\000V\000A\000\040\000t\000e\000s\000t\000\051}{section*.310}% 200
\BOOKMARK [2][-]{section*.318}{\376\377\122\006\176\304\377\010\122\006\174\173\377\011\145\160\143\156}{section*.310}% 201
\BOOKMARK [1][-]{section*.320}{\376\377\226\104\116\366}{chapter.23}% 202
\BOOKMARK [2][-]{section*.321}{\376\377\116\055\137\303\147\201\226\120\133\232\164\006\000\040\000\050\000C\000e\000n\000t\000r\000a\000l\000\040\000L\000i\000m\000i\000t\000\040\000T\000h\000e\000o\000r\000e\000m\000\040\000C\000L\000T\000\051}{section*.320}% 203
\BOOKMARK [2][-]{section*.322}{\376\377\150\300\232\214\123\125\116\052\153\143\140\001\145\164\117\123\127\107\120\074\166\370\121\163\145\271\172\013\137\017}{section*.320}% 204
\BOOKMARK [2][-]{section*.323}{\376\377\153\324\217\203\116\044\116\052\153\143\140\001\140\073\117\123\166\204\127\107\120\074}{section*.320}% 205
\BOOKMARK [2][-]{section*.324}{\376\377\150\300\232\214\123\125\116\052\153\143\140\001\140\073\117\123\166\204\127\107\120\074\000,\145\271\135\356\147\052\167\345}{section*.320}% 206
\BOOKMARK [2][-]{section*.325}{\376\377\000T\000u\000k\000e\000y\000-\000K\000r\000a\000m\000e\000r\000\040\166\370\121\163\145\271\172\013\137\017}{section*.320}% 207
\BOOKMARK [0][-]{chapter.24}{\376\377\143\247\122\066\126\376}{part.7}% 208
\BOOKMARK [1][-]{section*.327}{\376\377\136\372\172\313\127\372\176\277}{chapter.24}% 209
\BOOKMARK [2][-]{section*.328}{\376\377\126\152\227\363\217\330\146\057\117\341\123\367}{section*.327}% 210
\BOOKMARK [2][-]{section*.329}{\376\377\143\247\122\066\126\376\166\204\136\224\165\050}{section*.327}% 211
\BOOKMARK [2][-]{section*.333}{\376\377\176\323\147\137\213\355}{section*.327}% 212
\BOOKMARK [1][-]{section*.334}{\376\377\226\104\116\366}{chapter.24}% 213
\BOOKMARK [2][-]{section*.335}{\376\377\131\202\117\125\165\073\000I\000m\000R\143\247\122\066\126\376}{section*.334}% 214
\BOOKMARK [2][-]{section*.336}{\376\377\124\004\171\315\143\247\122\066\126\376}{section*.334}% 215
\BOOKMARK [2][-]{section*.337}{\376\377\217\307\172\013\200\375\122\233\000\050\000P\000r\000o\000c\000e\000s\000s\000\040\000C\000a\000p\000a\000b\000i\000l\000i\000t\000y\000\051}{section*.334}% 216
\BOOKMARK [2][-]{section*.338}{\376\377\176\306\122\006\117\213\133\120}{section*.334}% 217
\BOOKMARK [1][-]{section*.339}{\376\377\123\302\200\003\000\040\000R\000e\000f\000e\000r\000e\000n\000c\000e\000s}{chapter.24}% 218
\BOOKMARK [-1][-]{part.8}{\376\377\000V\000I\000I\000I\000\040\140\073\176\323}{}% 219
\BOOKMARK [0][-]{chapter.25}{\376\377\122\033\145\260\377\032\116\316\116\052\116\272\122\060\121\154\123\370}{part.8}% 220
\BOOKMARK [1][-]{section*.340}{\376\377\137\025\212\000}{chapter.25}% 221
\BOOKMARK [2][-]{section*.341}{\376\377\0004\0000\0000\136\164\122\115\166\204\221\315\131\047\145\160\133\146\123\321\146\016}{section*.340}% 222
\BOOKMARK [2][-]{section*.342}{\376\377\122\033\145\260\000\040\000C\000r\000e\000a\000t\000i\000v\000i\000t\000y}{section*.340}% 223
\BOOKMARK [2][-]{section*.343}{\376\377\123\237\122\033\174\276\171\136\000\040\000S\000p\000i\000r\000i\000t\000\040\000o\000f\000\040\000C\000r\000e\000a\000t\000i\000n\000g\000\040}{section*.340}% 224
\BOOKMARK [2][-]{section*.344}{\376\377\121\154\123\370\131\202\117\125\122\033\145\260}{section*.340}% 225
\BOOKMARK [2][-]{section*.345}{\376\377\227\363\116\120\144\255\145\076\126\150}{section*.340}% 226
\BOOKMARK [2][-]{section*.346}{\376\377\000i\000T\000u\000n\000e\000s\000\040\177\121\116\012\125\106\136\227}{section*.340}% 227
\BOOKMARK [2][-]{section*.347}{\376\377\116\007\116\213\215\167\131\064\226\276}{section*.340}% 228
\BOOKMARK [2][-]{section*.348}{\376\377\116\316\157\322\116\064\170\064\116\247\123\330\116\072\126\336\142\245\147\000\131\175\166\204\142\225\215\104}{section*.340}% 229
\BOOKMARK [2][-]{section*.349}{\376\377\121\154\123\370\122\033\145\260\142\020\122\237\211\201\175\040}{section*.340}% 230
\BOOKMARK [2][-]{section*.356}{\376\377\176\323\147\137\213\355}{section*.340}% 231
\BOOKMARK [2][-]{section*.357}{\376\377\116\052\116\272\176\317\232\214\145\131\213\255}{section*.340}% 232
\BOOKMARK [1][-]{section*.358}{\376\377\226\104\116\366}{chapter.25}% 233
\BOOKMARK [2][-]{section*.359}{\376\377\000P\000i\000x\000a\000r\000\040\122\066\117\134\173\054\116\000\220\350\165\065\201\021\122\250\157\053\377\032\163\251\121\167\140\073\122\250\124\130\000\050\000T\000o\000y\000\040\000S\000t\000o\000r\000y\000\051}{section*.358}% 234
\BOOKMARK [1][-]{section*.360}{\376\377\123\302\200\003\000\040\000R\000e\000f\000e\000r\000e\000n\000c\000e\000s}{chapter.25}% 235
\BOOKMARK [0][-]{chapter.26}{\376\377\123\027\116\254\142\113\213\260}{part.8}% 236
\BOOKMARK [1][-]{section*.364}{\376\377\122\033\145\260\147\145\156\220\116\216\165\037\155\073}{chapter.26}% 237
\BOOKMARK [0][-]{chapter.27}{\376\377\150\071\116\016\177\374}{part.8}% 238
\BOOKMARK [1][-]{section*.366}{\376\377\150\071}{chapter.27}% 239
\BOOKMARK [2][-]{section*.367}{\376\377\177\374}{section*.366}% 240
\BOOKMARK [2][-]{section*.370}{\376\377\121\161\220\032\160\271}{section*.366}% 241
\BOOKMARK [2][-]{section*.371}{\376\377\000T\000E\000D\157\024\213\262\137\017\140\073\176\323}{section*.366}% 242
\BOOKMARK [1][-]{section*.372}{\376\377\123\302\200\003\000\040\000R\000e\000f\000e\000r\000e\000n\000c\000e\000s}{chapter.27}% 243
\BOOKMARK [-1][-]{part.9}{\376\377\000I\000X\000\040\226\104\137\125}{}% 244
\BOOKMARK [0][-]{chapter.28}{\376\377\000A\000:\176\305\130\353\117\361\116\120\220\350\217\307\172\013\145\071\217\333}{part.9}% 245
\BOOKMARK [1][-]{section*.380}{\376\377\123\302\200\003\000\040\000R\000e\000f\000e\000r\000e\000n\000c\000e\000s}{chapter.28}% 246
\BOOKMARK [0][-]{chapter.29}{\376\377\000B\000:\122\006\147\220\217\355\116\343\133\242\142\067\156\341\141\017\136\246\214\003\147\345\145\160\143\156}{part.9}% 247
\BOOKMARK [1][-]{section*.381}{\376\377\150\110\117\213\200\314\146\157}{chapter.29}% 248
\BOOKMARK [2][-]{section*.382}{\376\377\217\355\116\343\145\160\143\156}{section*.381}% 249
\BOOKMARK [2][-]{section*.383}{\376\377\145\160\143\156\122\006\147\220}{section*.381}% 250
\BOOKMARK [2][-]{section*.384}{\376\377\145\071\217\333\143\252\145\275}{section*.381}% 251
\BOOKMARK [2][-]{section*.385}{\376\377\145\071\217\333\145\110\147\234}{section*.381}% 252
\BOOKMARK [0][-]{chapter.30}{\376\377\226\104\137\125\000\040\000C\377\032\000A\000+\000+\000\040\131\202\117\125\133\371\136\224\000C\000M\000M\000I\000-\000D\000E\000V\000\040\000M\000L\0004\000\040\211\201\154\102}{part.9}% 253
\BOOKMARK [1][-]{section*.386}{\376\377\126\342\226\037\176\247}{chapter.30}% 254
\BOOKMARK [2][-]{section*.413}{\376\377\176\304\176\307\176\247}{section*.386}% 255
