\BOOKMARK [1][-]{section*.5}{\376\377\122\115\212\000\000\040\000P\000r\000o\000l\000o\000g\000u\000e}{}% 1
\BOOKMARK [-1][-]{part.1}{\376\377\000I\000\040\150\110\117\213\122\006\147\220}{}% 2
\BOOKMARK [0][-]{chapter.1}{\376\377\131\202\117\125\145\071\125\204}{part.1}% 3
\BOOKMARK [1][-]{section*.6}{\376\377\145\117\143\167\137\000\123\321\217\307\172\013\145\071\217\333\150\110\117\213}{chapter.1}% 4
\BOOKMARK [2][-]{section*.12}{\376\377\131\202\117\125\145\071\125\204}{section*.6}% 5
\BOOKMARK [2][-]{section*.13}{\376\377\116\060\165\060\145\105\116\213}{section*.6}% 6
\BOOKMARK [2][-]{section*.14}{\376\377\154\064\227\142\116\013\166\204\173\241\164\006\140\035\215\357}{section*.6}% 7
\BOOKMARK [2][-]{section*.23}{\376\377\145\071\125\204\215\050\221\317}{section*.6}% 8
\BOOKMARK [2][-]{section*.24}{\376\377\176\323\147\137\213\355}{section*.6}% 9
\BOOKMARK [1][-]{section*.25}{\376\377\226\104\116\366}{chapter.1}% 10
\BOOKMARK [2][-]{section*.26}{\376\377\163\260\116\343\154\175\217\146\165\037\116\247}{section*.25}% 11
\BOOKMARK [2][-]{section*.27}{\376\377\000X\000P}{section*.25}% 12
\BOOKMARK [2][-]{section*.43}{\376\377\000`\000`\000\040\0005\000\040\000W\000h\000y\000\040\000'\000'\133\236\117\213}{section*.25}% 13
\BOOKMARK [2][-]{section*.44}{\376\377\0005\000S\154\325}{section*.25}% 14
\BOOKMARK [1][-]{section*.45}{\376\377\123\302\200\003\000\040\000R\000e\000f\000e\000r\000e\000n\000c\000e\000s}{chapter.1}% 15
\BOOKMARK [-1][-]{part.2}{\376\377\000I\000I\000\040\126\342\226\037\116\016\201\352\142\021\145\071\125\204\127\372\147\054\122\237}{}% 16
\BOOKMARK [0][-]{chapter.2}{\376\377\145\071\217\333\116\316\126\342\226\037\137\000\131\313}{part.2}% 17
\BOOKMARK [1][-]{section*.46}{\376\377\177\216\126\375\215\071\127\316\000\040\000W\000e\000i\000s\000b\000o\000r\000d\000\040\145\105\116\213}{chapter.2}% 18
\BOOKMARK [2][-]{section*.49}{\376\377\124\057\123\321}{section*.46}% 19
\BOOKMARK [2][-]{section*.52}{\376\377\170\064\121\260\000\040\000-\000\040\123\330\227\151\000\040\000-\000\040\172\063\133\232}{section*.46}% 20
\BOOKMARK [2][-]{section*.53}{\376\377\176\323\147\137\213\355}{section*.46}% 21
\BOOKMARK [1][-]{section*.54}{\376\377\226\104\116\366}{chapter.2}% 22
\BOOKMARK [2][-]{section*.55}{\376\377\174\256\230\337\122\006\221\115\133\236\232\214}{section*.54}% 23
\BOOKMARK [2][-]{section*.56}{\376\377\0004\116\052\142\020\122\237\211\201\175\040}{section*.54}% 24
\BOOKMARK [1][-]{section*.60}{\376\377\123\302\200\003\000\040\000R\000e\000f\000e\000r\000e\000n\000c\000e\000s}{chapter.2}% 25
\BOOKMARK [0][-]{chapter.3}{\376\377\121\113\147\015\142\326\136\366\165\307}{part.2}% 26
\BOOKMARK [1][-]{section*.71}{\376\377\176\323\147\137\213\355}{chapter.3}% 27
\BOOKMARK [1][-]{section*.72}{\376\377\226\104\116\366}{chapter.3}% 28
\BOOKMARK [2][-]{section*.73}{\376\377\225\073\160\274\116\113\220\123\000\040\000T\000h\000e\000\040\000T\000r\000u\000t\000h\000\040\000a\000b\000o\000u\000t\000\040\000E\000X\000E\000R\000C\000I\000S\000E}{section*.72}% 29
\BOOKMARK [1][-]{section*.74}{\376\377\123\302\200\003\000\040\000R\000e\000f\000e\000r\000e\000n\000c\000e\000s}{chapter.3}% 30
\BOOKMARK [-1][-]{part.3}{\376\377\000I\000I\000I\000\040\201\352\142\021\173\241\164\006\137\000\123\321\217\307\172\013}{}% 31
\BOOKMARK [0][-]{chapter.4}{\376\377\116\011\160\271\117\060\173\227}{part.3}% 32
\BOOKMARK [1][-]{section*.75}{\376\377\117\060\173\227\146\057\116\000\116\052\203\003\126\364\377\014\116\015\146\057\116\000\116\052\145\160}{chapter.4}% 33
\BOOKMARK [2][-]{section*.76}{\376\377\116\316\123\125\160\271\122\060\116\011\160\271\117\060\173\227}{section*.75}% 34
\BOOKMARK [2][-]{section*.77}{\376\377\140\073\176\323\000\040\000+\000\040\211\343\213\373\122\006\147\220\176\323\147\234}{section*.75}% 35
\BOOKMARK [2][-]{section*.78}{\376\377\122\051\165\050\204\231\162\171\123\141\155\033\152\041\142\337\0001\0000\116\052\153\145\232\244\377\010\116\011\211\322\137\142\122\006\136\003\377\011\166\204\140\073\122\006\136\003}{section*.75}% 36
\BOOKMARK [2][-]{section*.79}{\376\377\122\006\147\220\0001\0000\116\052\153\145\232\244\152\041\142\337\176\323\147\234}{section*.75}% 37
\BOOKMARK [2][-]{section*.80}{\376\377\225\356\173\124\000\040\000Q\000\046\000A}{section*.75}% 38
\BOOKMARK [1][-]{section*.81}{\376\377\226\104\116\366}{chapter.4}% 39
\BOOKMARK [2][-]{section*.82}{\376\377\204\231\162\171\123\141\155\033\000\050\000M\000o\000n\000t\000e\000\040\000C\000a\000r\000l\000o\000\051\000\040\152\041\142\337}{section*.81}% 40
\BOOKMARK [0][-]{chapter.5}{\376\377\221\317\123\026\173\241\164\006\116\316\116\052\116\272\137\000\131\313}{part.3}% 41
\BOOKMARK [1][-]{section*.83}{\376\377\131\202\117\125\226\115\117\116\230\171\166\356\217\333\136\246\120\117\135\356}{chapter.5}% 42
\BOOKMARK [2][-]{section*.84}{\376\377\116\316\221\317\123\026\127\371\213\255\137\000\131\313}{section*.83}% 43
\BOOKMARK [2][-]{section*.85}{\376\377\116\316\117\060\173\227\060\001\173\126\122\022\122\060\166\321\143\247}{section*.83}% 44
\BOOKMARK [2][-]{section*.86}{\376\377\136\224\131\202\117\125\145\071\125\204}{section*.83}% 45
\BOOKMARK [1][-]{section*.87}{\376\377\226\104\116\366}{chapter.5}% 46
\BOOKMARK [2][-]{section*.88}{\376\377\143\043\120\074\122\006\147\220\154\325\377\010\000E\000a\000r\000n\000e\000d\000\040\000V\000a\000l\000u\000e\377\011}{section*.87}% 47
\BOOKMARK [2][-]{section*.89}{\376\377\131\202\117\125\173\200\123\125\213\260\137\125\135\345\145\366}{section*.87}% 48
\BOOKMARK [2][-]{section*.90}{\376\377\116\052\117\123\217\157\116\366\217\307\172\013\000\040\000P\000e\000r\000s\000o\000n\000a\000l\000\040\000S\000o\000f\000t\000w\000a\000r\000e\000\040\000P\000r\000o\000c\000e\000s\000s\377\010\000P\000S\000P\377\011\000\040\173\200\116\313}{section*.87}% 49
\BOOKMARK [2][-]{section*.96}{\376\377\117\177\165\050\143\043\120\074\122\006\147\220\166\321\143\247\150\110\117\213}{section*.87}% 50
\BOOKMARK [1][-]{section*.98}{\376\377\123\302\200\003\000R\000e\000f\000e\000r\000e\000n\000c\000e\000s}{chapter.5}% 51
\BOOKMARK [0][-]{chapter.6}{\376\377\117\060\173\227\217\157\116\366\211\304\152\041}{part.3}% 52
\BOOKMARK [1][-]{section*.99}{\376\377\116\072\116\300\116\110\211\201\117\060\211\304\152\041}{chapter.6}% 53
\BOOKMARK [2][-]{section*.100}{\376\377\116\072\116\300\116\110\116\015\136\224\165\050\116\343\170\001\210\114\145\160\000\050\000L\000O\000C\000\051}{section*.99}% 54
\BOOKMARK [2][-]{section*.103}{\376\377\140\016\150\067\117\060\173\227\173\200\123\026\122\237\200\375\160\271\000S\000i\000F\000P}{section*.99}% 55
\BOOKMARK [2][-]{section*.104}{\376\377\116\316\145\105\116\213\160\271\217\154\173\200\123\026\122\237\200\375\160\271}{section*.99}% 56
\BOOKMARK [1][-]{section*.106}{\376\377\226\104\116\366}{chapter.6}% 57
\BOOKMARK [2][-]{section*.107}{\376\377\173\200\123\026\122\237\200\375\160\271\000\050\000S\000i\000F\000P\000\051\000\040\173\200\116\313}{section*.106}% 58
\BOOKMARK [2][-]{section*.114}{\376\377\220\073\217\221\145\207\116\366\000\040\000L\000o\000g\000i\000c\000a\000l\000\040\000F\000i\000l\000e}{section*.106}% 59
\BOOKMARK [2][-]{section*.116}{\376\377\127\372\147\054\217\307\172\013\000\040\000\050\000E\000l\000e\000m\000e\000n\000t\000a\000r\000y\000\040\000P\000r\000o\000c\000e\000s\000s\000\040\000E\000P\000\051}{section*.106}% 60
\BOOKMARK [2][-]{section*.119}{\376\377\133\236\117\213\377\032\213\306\122\053\127\372\147\054\217\307\172\013\000\040\000\050\000E\000l\000e\000m\000e\000n\000t\000a\000r\000y\000\040\000P\000r\000o\000c\000e\000s\000s\000\040\000E\000P\000\051}{section*.106}% 61
\BOOKMARK [2][-]{section*.123}{\376\377\0001\000.\157\134\154\064\133\146\150\041\000:\137\000\123\321\230\171\166\356\000\040\000E\000X\000A\000M\000P\000L\000E\000\040\000D\000i\000v\000i\000n\000g\000\040\000S\000c\000h\000o\000o\000l\000:\000\040\000D\000e\000v\000e\000l\000o\000p\000m\000e\000n\000t\000\040\000P\000r\000o\000j\000e\000c\000t}{section*.106}% 62
\BOOKMARK [2][-]{section*.131}{\376\377\117\213\133\120\116\000\173\124\150\110\116\016\211\343\213\373}{section*.106}% 63
\BOOKMARK [2][-]{section*.133}{\376\377\0002\000.\157\134\154\064\133\146\150\041\000:\000F\000E\000M\230\171\166\356}{section*.106}% 64
\BOOKMARK [2][-]{section*.142}{\376\377\117\213\133\120\116\214\173\124\150\110\116\016\211\343\213\373}{section*.106}% 65
\BOOKMARK [2][-]{section*.144}{\376\377\116\016\126\375\226\105\122\237\200\375\160\271\000\050\000I\000F\000P\000U\000G\000\051\166\204\120\117\135\356}{section*.106}% 66
\BOOKMARK [1][-]{section*.145}{\376\377\123\302\200\003\000R\000e\000f\000e\000r\000e\000n\000c\000e\000s}{chapter.6}% 67
\BOOKMARK [0][-]{chapter.7}{\376\377\117\060\173\227\135\345\117\134\221\317}{part.3}% 68
\BOOKMARK [1][-]{section*.146}{\376\377\117\060\173\227\377\032\227\140\152\041\127\213\377\014\217\330\146\057\227\140\116\023\133\266\377\037}{chapter.7}% 69
\BOOKMARK [2][-]{section*.147}{\376\377\116\072\116\300\116\110\117\060\173\227\137\000\123\321\135\345\117\134\221\317\000/\135\345\147\037\217\331\116\110\126\360\226\276}{section*.146}% 70
\BOOKMARK [2][-]{section*.148}{\376\377\117\060\173\227\217\157\116\366\137\000\123\321\166\204\126\360\226\276}{section*.146}% 71
\BOOKMARK [2][-]{section*.149}{\376\377\176\323\147\137\213\355}{section*.146}% 72
\BOOKMARK [1][-]{section*.150}{\376\377\226\104\116\366}{chapter.7}% 73
\BOOKMARK [2][-]{section*.151}{\376\377\117\060\173\227\170\014\116\120\232\330\171\357\147\050\145\366\225\177\000\040\000/\000\040\0002\0000\0001\0005\136\164\133\146\165\037\133\236\232\214\145\160\143\156}{section*.150}% 74
\BOOKMARK [1][-]{section*.154}{\376\377\123\302\200\003\000R\000e\000f\000e\000r\000e\000n\000c\000e\000s}{chapter.7}% 75
\BOOKMARK [-1][-]{part.4}{\376\377\000I\000V\000\040\137\000\131\313\217\307\172\013\145\071\217\333\116\113\145\305}{}% 76
\BOOKMARK [0][-]{chapter.8}{\376\377\203\267\123\326\232\330\134\102\145\057\143\001}{part.4}% 77
\BOOKMARK [1][-]{section*.155}{\376\377\150\110\117\213}{chapter.8}% 78
\BOOKMARK [2][-]{section*.156}{\376\377\173\054\116\000\162\110\145\271\150\110\116\146}{section*.155}% 79
\BOOKMARK [2][-]{section*.157}{\376\377\173\054\116\214\162\110\116\016\116\055\134\102\170\156\213\244\377\014\000\040\161\066\124\016\124\021\232\330\134\102\154\107\142\245}{section*.155}% 80
\BOOKMARK [0][-]{chapter.9}{\376\377\133\373\142\176\145\071\217\333\147\072\117\032}{part.4}% 81
\BOOKMARK [1][-]{section*.160}{\376\377\140\073\176\323\116\345\116\012\213\277\214\010\166\204\225\356\230\230}{chapter.9}% 82
\BOOKMARK [2][-]{section*.161}{\376\377\173\241\164\006\134\102\166\204\164\006\211\343\116\016\145\057\143\001}{section*.160}% 83
\BOOKMARK [2][-]{section*.162}{\376\377\176\323\147\137\213\355}{section*.160}% 84
\BOOKMARK [1][-]{section*.163}{\376\377\226\104\116\366}{chapter.9}% 85
\BOOKMARK [2][-]{section*.164}{\376\377\000C\000M\000M\000I\213\304\117\060\150\110\117\213}{section*.163}% 86
\BOOKMARK [-1][-]{part.5}{\376\377\000V\000\040\131\202\117\125\120\132\131\175\217\355\116\343\126\336\230\176}{}% 87
\BOOKMARK [0][-]{chapter.10}{\376\377\116\214\121\153\123\237\122\031}{part.5}% 88
\BOOKMARK [1][-]{section*.166}{\376\377\140\016\150\067\137\000\131\313}{chapter.10}% 89
\BOOKMARK [2][-]{section*.167}{\376\377\226\104\116\366}{section*.166}% 90
\BOOKMARK [2][-]{section*.168}{\376\377\116\214\121\153\123\237\122\031\000\050\0008\0000\000/\0002\0000\000\051}{section*.166}% 91
\BOOKMARK [2][-]{section*.169}{\376\377\137\000\123\321\230\171\166\356\135\345\117\134\221\317\377\010\142\020\147\054\377\011\122\006\136\003}{section*.166}% 92
\BOOKMARK [2][-]{section*.170}{\376\377\121\154\123\370\232\330\134\102\116\015\116\000\133\232\121\163\154\350\215\050\221\317}{section*.166}% 93
\BOOKMARK [0][-]{chapter.11}{\376\377\126\342\226\037\123\117\117\134\122\006\147\220\150\071\126\340}{part.5}% 94
\BOOKMARK [1][-]{section*.171}{\376\377\126\336\230\176\155\101\172\013}{chapter.11}% 95
\BOOKMARK [2][-]{section*.172}{\376\377\177\072\226\167\143\222\226\144\163\207}{section*.171}% 96
\BOOKMARK [2][-]{section*.173}{\376\377\150\071\126\340\122\006\147\220\166\204\213\357\211\343}{section*.171}% 97
\BOOKMARK [2][-]{section*.174}{\376\377\226\104\116\366}{section*.171}% 98
\BOOKMARK [2][-]{section*.175}{\376\377\20